Component: ARM Compiler 5.06 update 6 (build 750) Tool: armlink [4d35ed]

==============================================================================

Section Cross References

    system_n32g430.o(i.System_Clock_Frequency_Update) refers to system_n32g430.o(.data) for SystemClockFrequency
    system_n32g430.o(i.System_Clock_Frequency_Update) refers to system_n32g430.o(.constdata) for AHBPrescTable
    system_n32g430.o(i.System_Clock_Set) refers to system_n32g430.o(.data) for SystemClockFrequency
    system_n32g430.o(i.System_Initializes) refers to system_n32g430.o(i.System_Clock_Set) for System_Clock_Set
    n32g430_adc.o(i.ADC_Clock_Mode_Config) refers to n32g430_rcc.o(i.RCC_ADC_Hclk_Enable) for RCC_ADC_Hclk_Enable
    n32g430_adc.o(i.ADC_Clock_Mode_Config) refers to n32g430_rcc.o(i.RCC_ADC_PLL_Clock_Disable) for RCC_ADC_PLL_Clock_Disable
    n32g430_adc.o(i.ADC_Clock_Mode_Config) refers to n32g430_rcc.o(i.RCC_ADC_Hclk_Config) for RCC_ADC_Hclk_Config
    n32g430_adc.o(i.ADC_Clock_Mode_Config) refers to n32g430_adc.o(i.ADC_AHB_Clock_Mode_Config) for ADC_AHB_Clock_Mode_Config
    n32g430_adc.o(i.ADC_Clock_Mode_Config) refers to n32g430_rcc.o(i.RCC_ADC_PLL_Clock_Prescaler_Enable) for RCC_ADC_PLL_Clock_Prescaler_Enable
    n32g430_adc.o(i.ADC_Clock_Mode_Config) refers to n32g430_adc.o(i.ADC_PLL_Clock_Mode_Config) for ADC_PLL_Clock_Mode_Config
    n32g430_adc.o(i.ADC_Initializes) refers to n32g430_adc.o(i.ADC_Multichannels_Enable) for ADC_Multichannels_Enable
    n32g430_adc.o(i.ADC_Initializes) refers to n32g430_adc.o(i.ADC_Multichannels_Disable) for ADC_Multichannels_Disable
    n32g430_adc.o(i.ADC_Initializes) refers to n32g430_adc.o(i.ADC_Continue_Conversion_Enable) for ADC_Continue_Conversion_Enable
    n32g430_adc.o(i.ADC_Initializes) refers to n32g430_adc.o(i.ADC_Continue_Conversion_Disable) for ADC_Continue_Conversion_Disable
    n32g430_adc.o(i.ADC_Initializes) refers to n32g430_adc.o(i.ADC_Regular_Group_External_Trigger_Source_Config) for ADC_Regular_Group_External_Trigger_Source_Config
    n32g430_adc.o(i.ADC_Initializes) refers to n32g430_adc.o(i.ADC_Data_Alignment_Config) for ADC_Data_Alignment_Config
    n32g430_adc.o(i.ADC_Initializes) refers to n32g430_adc.o(i.ADC_Regular_Channels_Number_Config) for ADC_Regular_Channels_Number_Config
    n32g430_adc.o(i.ADC_Initializes_Ex) refers to n32g430_adc.o(i.ADC_Vbat_Monitor_Enable) for ADC_Vbat_Monitor_Enable
    n32g430_adc.o(i.ADC_Initializes_Ex) refers to n32g430_adc.o(i.ADC_Vbat_Monitor_Disable) for ADC_Vbat_Monitor_Disable
    n32g430_adc.o(i.ADC_Initializes_Ex) refers to n32g430_adc.o(i.ADC_Deep_Power_Mode_Enable) for ADC_Deep_Power_Mode_Enable
    n32g430_adc.o(i.ADC_Initializes_Ex) refers to n32g430_adc.o(i.ADC_Deep_Power_Mode_Disable) for ADC_Deep_Power_Mode_Disable
    n32g430_adc.o(i.ADC_Initializes_Ex) refers to n32g430_adc.o(i.ADC_Interrupts_Enable) for ADC_Interrupts_Enable
    n32g430_adc.o(i.ADC_Initializes_Ex) refers to n32g430_adc.o(i.ADC_Interrupts_Disable) for ADC_Interrupts_Disable
    n32g430_adc.o(i.ADC_Initializes_Ex) refers to n32g430_adc.o(i.ADC_PLL_Clock_Mode_Config) for ADC_PLL_Clock_Mode_Config
    n32g430_adc.o(i.ADC_Initializes_Ex) refers to n32g430_adc.o(i.ADC_AHB_Clock_Mode_Config) for ADC_AHB_Clock_Mode_Config
    n32g430_adc.o(i.ADC_Initializes_Ex) refers to n32g430_adc.o(i.ADC_Calibration_Auto_Load_Enable) for ADC_Calibration_Auto_Load_Enable
    n32g430_adc.o(i.ADC_Initializes_Ex) refers to n32g430_adc.o(i.ADC_Calibration_Auto_Load_Disable) for ADC_Calibration_Auto_Load_Disable
    n32g430_adc.o(i.ADC_Initializes_Ex) refers to n32g430_adc.o(i.ADC_Differential_Mode_Enable) for ADC_Differential_Mode_Enable
    n32g430_adc.o(i.ADC_Initializes_Ex) refers to n32g430_adc.o(i.ADC_Differential_Mode_Disable) for ADC_Differential_Mode_Disable
    n32g430_adc.o(i.ADC_Initializes_Ex) refers to n32g430_adc.o(i.ADC_Data_Resolution_Config) for ADC_Data_Resolution_Config
    n32g430_adc.o(i.ADC_Initializes_Ex) refers to n32g430_adc.o(i.ADC_Sample_Time_Level_Config) for ADC_Sample_Time_Level_Config
    n32g430_adc.o(i.ADC_Reset) refers to n32g430_rcc.o(i.RCC_AHB_Peripheral_Reset) for RCC_AHB_Peripheral_Reset
    n32g430_adc.o(i.ADC_Vrefint_Get) refers to n32g430_adc.o(.data) for vrefint_value
    n32g430_beeper.o(i.BEEPER_Initialize) refers to n32g430_beeper.o(i.BEEPER_Clock_Select) for BEEPER_Clock_Select
    n32g430_beeper.o(i.BEEPER_Initialize) refers to n32g430_beeper.o(i.BEEPER_APB_Clock_Prescale_Set) for BEEPER_APB_Clock_Prescale_Set
    n32g430_beeper.o(i.BEEPER_Initialize) refers to n32g430_beeper.o(i.BEEPER_Div_Factor_Select) for BEEPER_Div_Factor_Select
    n32g430_beeper.o(i.BEEPER_Reset) refers to n32g430_rcc.o(i.RCC_APB2_Peripheral_Reset) for RCC_APB2_Peripheral_Reset
    n32g430_can.o(i.CAN_Filter_Initializes) refers to n32g430_can.o(i.CAN_Filter_Initializes_Enable) for CAN_Filter_Initializes_Enable
[...]
    Removing n32g430_rcc.o(i.RCC_Interrupt_Enable), (16 bytes).
    Removing n32g430_rcc.o(i.RCC_Interrupt_Status_Clear), (16 bytes).
    Removing n32g430_rcc.o(i.RCC_Interrupt_Status_Get), (24 bytes).
    Removing n32g430_rcc.o(i.RCC_LPTIM_Clock_Config), (56 bytes).
    Removing n32g430_rcc.o(i.RCC_LPTIM_Disable), (20 bytes).
    Removing n32g430_rcc.o(i.RCC_LPTIM_Enable), (20 bytes).
    Removing n32g430_rcc.o(i.RCC_LPTIM_Reset), (28 bytes).
    Removing n32g430_rcc.o(i.RCC_LSE_Clock_Security_System_Disable), (12 bytes).
    Removing n32g430_rcc.o(i.RCC_LSE_Clock_Security_System_Enable), (12 bytes).
    Removing n32g430_rcc.o(i.RCC_LSE_Clock_Security_System_Status_Get), (24 bytes).
    Removing n32g430_rcc.o(i.RCC_LSE_Config), (96 bytes).
    Removing n32g430_rcc.o(i.RCC_LSE_Stable_Wait), (84 bytes).
    Removing n32g430_rcc.o(i.RCC_LSE_Trim_Config), (44 bytes).
    Removing n32g430_rcc.o(i.RCC_LSI_Disable), (12 bytes).
    Removing n32g430_rcc.o(i.RCC_LSI_Enable), (12 bytes).
    Removing n32g430_rcc.o(i.RCC_LSI_Stable_Wait), (84 bytes).
    Removing n32g430_rcc.o(i.RCC_MCO_PLL_Prescaler_Config), (24 bytes).
    Removing n32g430_rcc.o(i.RCC_MCO_Source_Config), (24 bytes).
    Removing n32g430_rcc.o(i.RCC_PLL_Config), (56 bytes).
    Removing n32g430_rcc.o(i.RCC_PLL_Disable), (12 bytes).
    Removing n32g430_rcc.o(i.RCC_PLL_Enable), (12 bytes).
    Removing n32g430_rcc.o(i.RCC_Pclk1_Config), (24 bytes).
    Removing n32g430_rcc.o(i.RCC_Pclk2_Config), (24 bytes).
    Removing n32g430_rcc.o(i.RCC_RTC_Clock_Config), (28 bytes).
    Removing n32g430_rcc.o(i.RCC_RTC_Clock_Disable), (12 bytes).
    Removing n32g430_rcc.o(i.RCC_RTC_Clock_Enable), (12 bytes).
    Removing n32g430_rcc.o(i.RCC_Reset), (96 bytes).
    Removing n32g430_rcc.o(i.RCC_Sysclk_Config), (24 bytes).
    Removing n32g430_rcc.o(i.RCC_Sysclk_Source_Get), (16 bytes).
    Removing n32g430_rcc.o(i.RCC_TIM1_8_Clock_Config), (24 bytes).
    Removing n32g430_rtc.o(.rev16_text), (4 bytes).
    Removing n32g430_rtc.o(.revsh_text), (4 bytes).
    Removing n32g430_rtc.o(.rrx_text), (6 bytes).
    Removing n32g430_rtc.o(i.RTC_Alarm_Disable), (80 bytes).
    Removing n32g430_rtc.o(i.RTC_Alarm_Enable), (32 bytes).
    Removing n32g430_rtc.o(i.RTC_Alarm_Get), (116 bytes).
    Removing n32g430_rtc.o(i.RTC_Alarm_Set), (176 bytes).
    Removing n32g430_rtc.o(i.RTC_Alarm_Struct_Initializes), (22 bytes).
    Removing n32g430_rtc.o(i.RTC_Alarm_SubSecond_Config), (44 bytes).
    Removing n32g430_rtc.o(i.RTC_Alarm_SubSecond_Get), (36 bytes).
    Removing n32g430_rtc.o(i.RTC_Backup_Register_Read), (20 bytes).
    Removing n32g430_rtc.o(i.RTC_Backup_Register_Write), (16 bytes).
    Removing n32g430_rtc.o(i.RTC_Bcd2_To_Byte), (22 bytes).
    Removing n32g430_rtc.o(i.RTC_Bypass_Shadow_Disable), (28 bytes).
    Removing n32g430_rtc.o(i.RTC_Bypass_Shadow_Enable), (28 bytes).
    Removing n32g430_rtc.o(i.RTC_Byte_To_Bcd2), (28 bytes).
    Removing n32g430_rtc.o(i.RTC_Calendar_Initializes), (428 bytes).
    Removing n32g430_rtc.o(i.RTC_Calibration_Output_Config), (40 bytes).
    Removing n32g430_rtc.o(i.RTC_Calibration_Output_Disable), (28 bytes).
    Removing n32g430_rtc.o(i.RTC_Calibration_Output_Enable), (28 bytes).
    Removing n32g430_rtc.o(i.RTC_Date_Get), (76 bytes).
    Removing n32g430_rtc.o(i.RTC_Date_Struct_Initializes), (14 bytes).
    Removing n32g430_rtc.o(i.RTC_Day_Light_Saving_Config), (52 bytes).
    Removing n32g430_rtc.o(i.RTC_Deinitializes), (116 bytes).
    Removing n32g430_rtc.o(i.RTC_Flag_Clear), (28 bytes).
    Removing n32g430_rtc.o(i.RTC_Flag_Status_Get), (36 bytes).
    Removing n32g430_rtc.o(i.RTC_Hour_Format_Set), (28 bytes).
    Removing n32g430_rtc.o(i.RTC_Initialization_Mode_Enter), (68 bytes).
    Removing n32g430_rtc.o(i.RTC_Initialization_Mode_Exit), (20 bytes).
    Removing n32g430_rtc.o(i.RTC_Interrupt_Status_Clear), (32 bytes).
    Removing n32g430_rtc.o(i.RTC_Interrupt_Status_Get), (76 bytes).
    Removing n32g430_rtc.o(i.RTC_Interrupts_Disable), (28 bytes).
    Removing n32g430_rtc.o(i.RTC_Interrupts_Enable), (28 bytes).
    Removing n32g430_rtc.o(i.RTC_Output_Config), (52 bytes).
    Removing n32g430_rtc.o(i.RTC_Output_Mode_Config), (28 bytes).
    Removing n32g430_rtc.o(i.RTC_Prescale_Config), (20 bytes).
    Removing n32g430_rtc.o(i.RTC_Reference_Clock_Disable), (48 bytes).
    Removing n32g430_rtc.o(i.RTC_Reference_Clock_Enable), (48 bytes).
    Removing n32g430_rtc.o(i.RTC_Registers_Reset), (84 bytes).
    Removing n32g430_rtc.o(i.RTC_Smooth_Calibration_Config), (84 bytes).
    Removing n32g430_rtc.o(i.RTC_Store_Operation_Get), (16 bytes).
    Removing n32g430_rtc.o(i.RTC_Structure_Initializes), (14 bytes).
    Removing n32g430_rtc.o(i.RTC_SubSecond_Get), (12 bytes).
    Removing n32g430_rtc.o(i.RTC_Synchronization_Shift_Config), (108 bytes).
    Removing n32g430_rtc.o(i.RTC_Tamper_Backup_Register_Clear_Disable), (16 bytes).
    Removing n32g430_rtc.o(i.RTC_Tamper_Backup_Register_Clear_Enable), (16 bytes).
    Removing n32g430_rtc.o(i.RTC_Tamper_Disable), (16 bytes).
    Removing n32g430_rtc.o(i.RTC_Tamper_Enable), (16 bytes).
    Removing n32g430_rtc.o(i.RTC_Tamper_Filter_Config), (28 bytes).
    Removing n32g430_rtc.o(i.RTC_Tamper_Interrput_Disable), (16 bytes).
    Removing n32g430_rtc.o(i.RTC_Tamper_Interrput_Enable), (16 bytes).
    Removing n32g430_rtc.o(i.RTC_Tamper_Pins_Precharge_Duration), (28 bytes).
    Removing n32g430_rtc.o(i.RTC_Tamper_Precharge_Disable), (20 bytes).
    Removing n32g430_rtc.o(i.RTC_Tamper_Precharge_Enable), (20 bytes).
    Removing n32g430_rtc.o(i.RTC_Tamper_Sampling_Frequency_Config), (28 bytes).
    Removing n32g430_rtc.o(i.RTC_Tamper_Trigger_Config), (36 bytes).
    Removing n32g430_rtc.o(i.RTC_TimeStamp_Disable), (36 bytes).
    Removing n32g430_rtc.o(i.RTC_TimeStamp_Enable), (44 bytes).
    Removing n32g430_rtc.o(i.RTC_TimeStamp_Get), (156 bytes).
    Removing n32g430_rtc.o(i.RTC_TimeStamp_On_Tamper_Detection_Disable), (20 bytes).
    Removing n32g430_rtc.o(i.RTC_TimeStamp_On_Tamper_Detection_Enable), (20 bytes).
    Removing n32g430_rtc.o(i.RTC_TimeStamp_SubSecond_Get), (12 bytes).
    Removing n32g430_rtc.o(i.RTC_Time_Get), (80 bytes).
    Removing n32g430_rtc.o(i.RTC_Time_Struct_Initializes), (12 bytes).
    Removing n32g430_rtc.o(i.RTC_Wait_For_Synchronization), (76 bytes).
    Removing n32g430_rtc.o(i.RTC_WakeUp_Clock_Select), (40 bytes).
    Removing n32g430_rtc.o(i.RTC_WakeUp_Counter_Get), (12 bytes).
    Removing n32g430_rtc.o(i.RTC_WakeUp_Counter_Set), (44 bytes).
    Removing n32g430_rtc.o(i.RTC_WakeUp_Disable), (80 bytes).
    Removing n32g430_rtc.o(i.RTC_WakeUp_Enable), (32 bytes).
    Removing n32g430_rtc.o(i.RTC_Write_Protection_Disable), (16 bytes).
    Removing n32g430_rtc.o(i.RTC_Write_Protection_Enable), (12 bytes).
    Removing n32g430_rtc.o(.data), (8 bytes).
    Removing n32g430_spi.o(.rev16_text), (4 bytes).
    Removing n32g430_spi.o(.revsh_text), (4 bytes).
    Removing n32g430_spi.o(.rrx_text), (6 bytes).
    Removing n32g430_spi.o(i.I2S_AudioFrequency_Config), (170 bytes).
    Removing n32g430_spi.o(i.I2S_CLKPOL_Config), (16 bytes).
    Removing n32g430_spi.o(i.I2S_DataFormat_Config), (16 bytes).
    Removing n32g430_spi.o(i.I2S_Initializes), (68 bytes).
    Removing n32g430_spi.o(i.I2S_Initializes_Structure), (20 bytes).
    Removing n32g430_spi.o(i.I2S_MCLK_Disable), (10 bytes).
    Removing n32g430_spi.o(i.I2S_MCLK_Enable), (10 bytes).
    Removing n32g430_spi.o(i.I2S_Mode_Config), (16 bytes).
    Removing n32g430_spi.o(i.I2S_OFF), (10 bytes).
    Removing n32g430_spi.o(i.I2S_ON), (10 bytes).
    Removing n32g430_spi.o(i.I2S_Standard_Config), (16 bytes).
    Removing n32g430_spi.o(i.SPI_BaudRatePres_Config), (16 bytes).
    Removing n32g430_spi.o(i.SPI_CLKPHA_Config), (16 bytes).
    Removing n32g430_spi.o(i.SPI_CLKPOL_Config), (16 bytes).
    Removing n32g430_spi.o(i.SPI_CRC_Data_Get), (14 bytes).
    Removing n32g430_spi.o(i.SPI_CRC_Disable), (10 bytes).
    Removing n32g430_spi.o(i.SPI_CRC_Enable), (10 bytes).
    Removing n32g430_spi.o(i.SPI_CRC_Polynomial_Get), (6 bytes).
    Removing n32g430_spi.o(i.SPI_CRC_Polynomial_Set), (4 bytes).
    Removing n32g430_spi.o(i.SPI_DataDirection_Config), (16 bytes).
    Removing n32g430_spi.o(i.SPI_DataLen_Config), (16 bytes).
    Removing n32g430_spi.o(i.SPI_FirstBit_Config), (16 bytes).
    Removing n32g430_spi.o(i.SPI_I2S_Clear_Flag_Status), (72 bytes).
    Removing n32g430_spi.o(i.SPI_I2S_DMA_Transfer_Disable), (8 bytes).
    Removing n32g430_spi.o(i.SPI_I2S_DMA_Transfer_Enable), (8 bytes).
    Removing n32g430_spi.o(i.SPI_I2S_Data_Get), (6 bytes).
    Removing n32g430_spi.o(i.SPI_I2S_Data_Transmit), (4 bytes).
    Removing n32g430_spi.o(i.SPI_I2S_Flag_Status_Get), (18 bytes).
    Removing n32g430_spi.o(i.SPI_I2S_Interrupt_Flag_Status_Get), (122 bytes).
    Removing n32g430_spi.o(i.SPI_I2S_Interrupts_Disable), (8 bytes).
    Removing n32g430_spi.o(i.SPI_I2S_Interrupts_Enable), (8 bytes).
    Removing n32g430_spi.o(i.SPI_I2S_Mode_Select), (16 bytes).
    Removing n32g430_spi.o(i.SPI_I2S_Reset), (44 bytes).
    Removing n32g430_spi.o(i.SPI_Initializes), (80 bytes).
    Removing n32g430_spi.o(i.SPI_Initializes_Structure), (24 bytes).
    Removing n32g430_spi.o(i.SPI_NSS_Config), (16 bytes).
    Removing n32g430_spi.o(i.SPI_Next_Transmit_CRC), (10 bytes).
    Removing n32g430_spi.o(i.SPI_OFF), (10 bytes).
    Removing n32g430_spi.o(i.SPI_ON), (10 bytes).
    Removing n32g430_spi.o(i.SPI_SS_Output_Disable), (10 bytes).
    Removing n32g430_spi.o(i.SPI_SS_Output_Enable), (10 bytes).
    Removing n32g430_spi.o(i.SPI_Set_Nss_Level), (26 bytes).
    Removing n32g430_spi.o(i.SPI_SpiMode_Config), (16 bytes).
    Removing n32g430_tim.o(.rev16_text), (4 bytes).
    Removing n32g430_tim.o(.revsh_text), (4 bytes).
    Removing n32g430_tim.o(.rrx_text), (6 bytes).
    Removing n32g430_tim.o(i.Input_Channel1_Config), (124 bytes).
    Removing n32g430_tim.o(i.Input_Channel2_Config), (136 bytes).
    Removing n32g430_tim.o(i.Input_Channel3_Config), (132 bytes).
    Removing n32g430_tim.o(i.Input_Channel4_Config), (140 bytes).
    Removing n32g430_tim.o(i.TIM_Asymmetric_Disable), (10 bytes).
    Removing n32g430_tim.o(i.TIM_Asymmetric_Enable), (10 bytes).
    Removing n32g430_tim.o(i.TIM_Auto_Reload_Get), (6 bytes).
    Removing n32g430_tim.o(i.TIM_Auto_Reload_Preload_Disable), (10 bytes).
    Removing n32g430_tim.o(i.TIM_Auto_Reload_Preload_Enable), (10 bytes).
    Removing n32g430_tim.o(i.TIM_Base_Auto_Reload_Set), (4 bytes).
    Removing n32g430_tim.o(i.TIM_Base_Center_Aligned_Mode_OC4_7_8_9_Trigger_Set), (16 bytes).
    Removing n32g430_tim.o(i.TIM_Base_Channel1), (22 bytes).
    Removing n32g430_tim.o(i.TIM_Base_Channel2), (22 bytes).
    Removing n32g430_tim.o(i.TIM_Base_Channel3), (22 bytes).
    Removing n32g430_tim.o(i.TIM_Base_Channel4), (22 bytes).
    Removing n32g430_tim.o(i.TIM_Base_Count_Get), (6 bytes).
    Removing n32g430_tim.o(i.TIM_Base_Count_Mode_Set), (16 bytes).
    Removing n32g430_tim.o(i.TIM_Base_Count_Set), (4 bytes).
    Removing n32g430_tim.o(i.TIM_Base_Initialize), (176 bytes).
    Removing n32g430_tim.o(i.TIM_Base_OCrefClear), (22 bytes).
    Removing n32g430_tim.o(i.TIM_Base_Prescaler_Get), (6 bytes).
    Removing n32g430_tim.o(i.TIM_Base_Prescaler_Set), (4 bytes).
    Removing n32g430_tim.o(i.TIM_Base_Reload_Mode_Set), (4 bytes).
    Removing n32g430_tim.o(i.TIM_Base_Repeat_Count_Set), (4 bytes).
    Removing n32g430_tim.o(i.TIM_Base_Struct_Initialize), (30 bytes).
    Removing n32g430_tim.o(i.TIM_Break_And_Dead_Time_Set), (96 bytes).
    Removing n32g430_tim.o(i.TIM_Break_And_Dead_Time_Struct_Initialize), (24 bytes).
    Removing n32g430_tim.o(i.TIM_Break_Filter_Config), (52 bytes).
    Removing n32g430_tim.o(i.TIM_Break_Filter_Disable), (10 bytes).
    Removing n32g430_tim.o(i.TIM_Break_Filter_Enable), (10 bytes).
    Removing n32g430_tim.o(i.TIM_CCEN_Status_Get), (16 bytes).
    Removing n32g430_tim.o(i.TIM_Capture_Compare_Ch_Disable), (12 bytes).
    Removing n32g430_tim.o(i.TIM_Capture_Compare_Ch_Enable), (12 bytes).
    Removing n32g430_tim.o(i.TIM_Capture_Compare_Ch_N_Disable), (12 bytes).
    Removing n32g430_tim.o(i.TIM_Capture_Compare_Ch_N_Enable), (12 bytes).
    Removing n32g430_tim.o(i.TIM_Capture_Compare_Control_Preload_Disable), (10 bytes).
    Removing n32g430_tim.o(i.TIM_Capture_Compare_Control_Preload_Enable), (10 bytes).
    Removing n32g430_tim.o(i.TIM_Channel1_Filter_Config), (68 bytes).
    Removing n32g430_tim.o(i.TIM_Channel1_Filter_Disable), (10 bytes).
    Removing n32g430_tim.o(i.TIM_Channel1_Filter_Enable), (10 bytes).
    Removing n32g430_tim.o(i.TIM_Channel2_Filter_Config), (68 bytes).
    Removing n32g430_tim.o(i.TIM_Channel2_Filter_Disable), (10 bytes).
    Removing n32g430_tim.o(i.TIM_Channel2_Filter_Enable), (10 bytes).
    Removing n32g430_tim.o(i.TIM_Channel3_Filter_Config), (68 bytes).
    Removing n32g430_tim.o(i.TIM_Channel3_Filter_Disable), (10 bytes).
    Removing n32g430_tim.o(i.TIM_Channel3_Filter_Enable), (10 bytes).
    Removing n32g430_tim.o(i.TIM_Channel4_Filter_Config), (68 bytes).
    Removing n32g430_tim.o(i.TIM_Channel4_Filter_Disable), (10 bytes).
    Removing n32g430_tim.o(i.TIM_Channel4_Filter_Enable), (10 bytes).
    Removing n32g430_tim.o(i.TIM_Clock_Division_Set), (16 bytes).
    Removing n32g430_tim.o(i.TIM_Commutation_Event_Disable), (10 bytes).
    Removing n32g430_tim.o(i.TIM_Commutation_Event_Enable), (10 bytes).
    Removing n32g430_tim.o(i.TIM_Compare1_D_Set), (14 bytes).
    Removing n32g430_tim.o(i.TIM_Compare1_Set), (14 bytes).
    Removing n32g430_tim.o(i.TIM_Compare2_D_Set), (14 bytes).
    Removing n32g430_tim.o(i.TIM_Compare2_Set), (14 bytes).
    Removing n32g430_tim.o(i.TIM_Compare3_D_Set), (14 bytes).
    Removing n32g430_tim.o(i.TIM_Compare3_Set), (14 bytes).
    Removing n32g430_tim.o(i.TIM_Compare4_D_Set), (14 bytes).
    Removing n32g430_tim.o(i.TIM_Compare4_Set), (14 bytes).
    Removing n32g430_tim.o(i.TIM_Compare5_Set), (6 bytes).
    Removing n32g430_tim.o(i.TIM_Compare6_Set), (6 bytes).
    Removing n32g430_tim.o(i.TIM_Compare7_Set), (6 bytes).
    Removing n32g430_tim.o(i.TIM_Compare8_Set), (6 bytes).
    Removing n32g430_tim.o(i.TIM_Compare9_Set), (6 bytes).
    Removing n32g430_tim.o(i.TIM_Compare_Capture1_D_Get), (8 bytes).
    Removing n32g430_tim.o(i.TIM_Compare_Capture1_Get), (8 bytes).
    Removing n32g430_tim.o(i.TIM_Compare_Capture2_D_Get), (8 bytes).
    Removing n32g430_tim.o(i.TIM_Compare_Capture2_Get), (8 bytes).
    Removing n32g430_tim.o(i.TIM_Compare_Capture3_D_Get), (8 bytes).
    Removing n32g430_tim.o(i.TIM_Compare_Capture3_Get), (8 bytes).
    Removing n32g430_tim.o(i.TIM_Compare_Capture4_D_Get), (8 bytes).
    Removing n32g430_tim.o(i.TIM_Compare_Capture4_Get), (8 bytes).
    Removing n32g430_tim.o(i.TIM_Compare_Capture5_Get), (8 bytes).
    Removing n32g430_tim.o(i.TIM_Compare_Capture6_Get), (8 bytes).
    Removing n32g430_tim.o(i.TIM_Compare_Capture7_Get), (8 bytes).
    Removing n32g430_tim.o(i.TIM_Compare_Capture8_Get), (8 bytes).
    Removing n32g430_tim.o(i.TIM_Compare_Capture9_Get), (8 bytes).
    Removing n32g430_tim.o(i.TIM_Dma_Config), (10 bytes).
    Removing n32g430_tim.o(i.TIM_Dma_Disable), (8 bytes).
    Removing n32g430_tim.o(i.TIM_Dma_Enable), (8 bytes).
    Removing n32g430_tim.o(i.TIM_Encoder_Interface_Set), (64 bytes).
    Removing n32g430_tim.o(i.TIM_Event_Generate), (4 bytes).
    Removing n32g430_tim.o(i.TIM_External_Clock_Mode1_Set), (66 bytes).
    Removing n32g430_tim.o(i.TIM_External_Clock_Mode2_Set), (44 bytes).
    Removing n32g430_tim.o(i.TIM_External_Trigger_Filter_Set), (24 bytes).
    Removing n32g430_tim.o(i.TIM_External_Trigger_Polarity_Set), (26 bytes).
    Removing n32g430_tim.o(i.TIM_External_Trigger_Prescaler_Set), (16 bytes).
    Removing n32g430_tim.o(i.TIM_Flag_Clear), (6 bytes).
    Removing n32g430_tim.o(i.TIM_Flag_Status_Get), (16 bytes).
    Removing n32g430_tim.o(i.TIM_Forced_Output_Channel1_Set), (18 bytes).
    Removing n32g430_tim.o(i.TIM_Forced_Output_Channel2_Set), (26 bytes).
    Removing n32g430_tim.o(i.TIM_Forced_Output_Channel3_Set), (20 bytes).
    Removing n32g430_tim.o(i.TIM_Forced_Output_Channel4_Set), (28 bytes).
    Removing n32g430_tim.o(i.TIM_Forced_Output_Channel5_Set), (22 bytes).
    Removing n32g430_tim.o(i.TIM_Forced_Output_Channel6_Set), (30 bytes).
    Removing n32g430_tim.o(i.TIM_Hall_Sensor_Disable), (10 bytes).
    Removing n32g430_tim.o(i.TIM_Hall_Sensor_Enable), (10 bytes).
    Removing n32g430_tim.o(i.TIM_IOM_Comp_Break), (22 bytes).
    Removing n32g430_tim.o(i.TIM_Input_Capture1_Prescaler_Set), (18 bytes).
    Removing n32g430_tim.o(i.TIM_Input_Capture2_Prescaler_Set), (26 bytes).
    Removing n32g430_tim.o(i.TIM_Input_Capture3_Prescaler_Set), (18 bytes).
    Removing n32g430_tim.o(i.TIM_Input_Capture4_Prescaler_Set), (20 bytes).
    Removing n32g430_tim.o(i.TIM_Input_Channel_Initialize), (110 bytes).
    Removing n32g430_tim.o(i.TIM_Input_Struct_Initialize), (16 bytes).
    Removing n32g430_tim.o(i.TIM_Internal_Clock_Set), (12 bytes).
    Removing n32g430_tim.o(i.TIM_Internal_Trig_To_Ext_Set), (24 bytes).
    Removing n32g430_tim.o(i.TIM_Interrupt_Disable), (8 bytes).
    Removing n32g430_tim.o(i.TIM_Interrupt_Enable), (8 bytes).
    Removing n32g430_tim.o(i.TIM_Interrupt_Status_Clear), (6 bytes).
    Removing n32g430_tim.o(i.TIM_Interrupt_Status_Get), (32 bytes).
    Removing n32g430_tim.o(i.TIM_Lock_Up_Break_Disable), (10 bytes).
    Removing n32g430_tim.o(i.TIM_Lock_Up_Break_Enable), (10 bytes).
    Removing n32g430_tim.o(i.TIM_Master_Slave_Mode_Set), (18 bytes).
    Removing n32g430_tim.o(i.TIM_OC4REF_Trigger_To_ADC_Disable), (10 bytes).
    Removing n32g430_tim.o(i.TIM_OC4REF_Trigger_To_ADC_Enable), (10 bytes).
    Removing n32g430_tim.o(i.TIM_OC7REF_Trigger_To_ADC_Disable), (10 bytes).
    Removing n32g430_tim.o(i.TIM_OC7REF_Trigger_To_ADC_Enable), (10 bytes).
    Removing n32g430_tim.o(i.TIM_OC8REF_Trigger_To_ADC_Disable), (10 bytes).
    Removing n32g430_tim.o(i.TIM_OC8REF_Trigger_To_ADC_Enable), (10 bytes).
    Removing n32g430_tim.o(i.TIM_OC9REF_Trigger_To_ADC_Disable), (10 bytes).
    Removing n32g430_tim.o(i.TIM_OC9REF_Trigger_To_ADC_Enable), (10 bytes).
    Removing n32g430_tim.o(i.TIM_Off), (10 bytes).
    Removing n32g430_tim.o(i.TIM_On), (10 bytes).
    Removing n32g430_tim.o(i.TIM_One_Pulse_Mode_Select), (16 bytes).
    Removing n32g430_tim.o(i.TIM_Output_Channel1_Fast_Set), (18 bytes).
    Removing n32g430_tim.o(i.TIM_Output_Channel1_Initialize), (148 bytes).
    Removing n32g430_tim.o(i.TIM_Output_Channel1_Preload_Set), (18 bytes).
    Removing n32g430_tim.o(i.TIM_Output_Channel1_Reference_Clear), (18 bytes).
    Removing n32g430_tim.o(i.TIM_Output_Channel2_Fast_Set), (26 bytes).
    Removing n32g430_tim.o(i.TIM_Output_Channel2_Initialize), (160 bytes).
    Removing n32g430_tim.o(i.TIM_Output_Channel2_Preload_Set), (26 bytes).
    Removing n32g430_tim.o(i.TIM_Output_Channel2_Reference_Clear), (24 bytes).
    Removing n32g430_tim.o(i.TIM_Output_Channel3_Fast_Set), (20 bytes).
    Removing n32g430_tim.o(i.TIM_Output_Channel3_Initialize), (156 bytes).
    Removing n32g430_tim.o(i.TIM_Output_Channel3_Preload_Set), (20 bytes).
    Removing n32g430_tim.o(i.TIM_Output_Channel3_Reference_Clear), (20 bytes).
    Removing n32g430_tim.o(i.TIM_Output_Channel4_Fast_Set), (28 bytes).
    Removing n32g430_tim.o(i.TIM_Output_Channel4_Initialize), (176 bytes).
    Removing n32g430_tim.o(i.TIM_Output_Channel4_Preload_Set), (28 bytes).
    Removing n32g430_tim.o(i.TIM_Output_Channel4_Reference_Clear), (26 bytes).
    Removing n32g430_tim.o(i.TIM_Output_Channel5_Fast_Set), (22 bytes).
    Removing n32g430_tim.o(i.TIM_Output_Channel5_Initialize), (112 bytes).
    Removing n32g430_tim.o(i.TIM_Output_Channel5_Preload_Set), (22 bytes).
    Removing n32g430_tim.o(i.TIM_Output_Channel5_Reference_Clear), (22 bytes).
    Removing n32g430_tim.o(i.TIM_Output_Channel6_Fast_Set), (30 bytes).
    Removing n32g430_tim.o(i.TIM_Output_Channel6_Initialize), (120 bytes).
    Removing n32g430_tim.o(i.TIM_Output_Channel6_Preload_Set), (30 bytes).
    Removing n32g430_tim.o(i.TIM_Output_Channel6_Reference_Clear), (28 bytes).
    Removing n32g430_tim.o(i.TIM_Output_Channel7_Preload_Set), (26 bytes).
    Removing n32g430_tim.o(i.TIM_Output_Channel8_Preload_Set), (26 bytes).
    Removing n32g430_tim.o(i.TIM_Output_Channel9_Preload_Set), (26 bytes).
    Removing n32g430_tim.o(i.TIM_Output_Channel_Mode_Set), (86 bytes).
    Removing n32g430_tim.o(i.TIM_Output_Channel_N_Polarity_Set), (22 bytes).
    Removing n32g430_tim.o(i.TIM_Output_Channel_Polarity_Set), (22 bytes).
    Removing n32g430_tim.o(i.TIM_Output_Channel_Struct_Initialize), (20 bytes).
    Removing n32g430_tim.o(i.TIM_Output_Trigger_Select), (20 bytes).
    Removing n32g430_tim.o(i.TIM_PWM_Input_Channel_Config), (120 bytes).
    Removing n32g430_tim.o(i.TIM_PWM_Output_Disable), (14 bytes).
    Removing n32g430_tim.o(i.TIM_PWM_Output_Enable), (14 bytes).
    Removing n32g430_tim.o(i.TIM_Pvd_Break_Disable), (10 bytes).
    Removing n32g430_tim.o(i.TIM_Pvd_Break_Enable), (10 bytes).
    Removing n32g430_tim.o(i.TIM_Reset), (128 bytes).
    Removing n32g430_tim.o(i.TIM_Slave_Mode_Select), (18 bytes).
    Removing n32g430_tim.o(i.TIM_Trigger_As_External_Clock), (58 bytes).
    Removing n32g430_tim.o(i.TIM_Trigger_Source_Select), (18 bytes).
    Removing n32g430_tim.o(i.TIM_Update_Event_Disable), (10 bytes).
    Removing n32g430_tim.o(i.TIM_Update_Event_Enable), (10 bytes).
    Removing n32g430_tim.o(i.TIM_Update_Request_Source_Set), (22 bytes).
    Removing n32g430_usart.o(.rev16_text), (4 bytes).
    Removing n32g430_usart.o(.revsh_text), (4 bytes).
    Removing n32g430_usart.o(.rrx_text), (6 bytes).
    Removing n32g430_usart.o(i.USART_Address_Set), (16 bytes).
    Removing n32g430_usart.o(i.USART_Baud_Rate_Config), (128 bytes).
    Removing n32g430_usart.o(i.USART_Break_Frame_Send), (10 bytes).
    Removing n32g430_usart.o(i.USART_Clock_Config), (16 bytes).
    Removing n32g430_usart.o(i.USART_Clock_Initializes), (40 bytes).
    Removing n32g430_usart.o(i.USART_Clock_Structure_Initializes), (12 bytes).
    Removing n32g430_usart.o(i.USART_DMA_Transfer_Disable), (8 bytes).
    Removing n32g430_usart.o(i.USART_DMA_Transfer_Enable), (8 bytes).
    Removing n32g430_usart.o(i.USART_Data_Receive), (10 bytes).
    Removing n32g430_usart.o(i.USART_Data_Send), (8 bytes).
    Removing n32g430_usart.o(i.USART_Disable), (10 bytes).
    Removing n32g430_usart.o(i.USART_Enable), (10 bytes).
    Removing n32g430_usart.o(i.USART_Flag_Clear), (6 bytes).
    Removing n32g430_usart.o(i.USART_Flag_Status_Get), (16 bytes).
    Removing n32g430_usart.o(i.USART_Guard_Time_Set), (16 bytes).
    Removing n32g430_usart.o(i.USART_Half_Duplex_Disable), (10 bytes).
    Removing n32g430_usart.o(i.USART_Half_Duplex_Enable), (10 bytes).
    Removing n32g430_usart.o(i.USART_Hardware_Flow_Control_Config), (16 bytes).
    Removing n32g430_usart.o(i.USART_Initializes), (56 bytes).
    Removing n32g430_usart.o(i.USART_Interrput_Disable), (54 bytes).
    Removing n32g430_usart.o(i.USART_Interrput_Enable), (54 bytes).
    Removing n32g430_usart.o(i.USART_Interrupt_Status_Clear), (20 bytes).
    Removing n32g430_usart.o(i.USART_Interrupt_Status_Get), (74 bytes).
    Removing n32g430_usart.o(i.USART_IrDA_Disable), (10 bytes).
    Removing n32g430_usart.o(i.USART_IrDA_Enable), (10 bytes).
    Removing n32g430_usart.o(i.USART_IrDA_Mode_Set), (16 bytes).
    Removing n32g430_usart.o(i.USART_LIN_Break_Detect_Length_Set), (16 bytes).
    Removing n32g430_usart.o(i.USART_LIN_Disable), (10 bytes).
    Removing n32g430_usart.o(i.USART_LIN_Enable), (10 bytes).
    Removing n32g430_usart.o(i.USART_Last_Bit_Config), (16 bytes).
    Removing n32g430_usart.o(i.USART_Mode_Config), (16 bytes).
    Removing n32g430_usart.o(i.USART_Parity_Config), (16 bytes).
    Removing n32g430_usart.o(i.USART_Phase_Config), (16 bytes).
    Removing n32g430_usart.o(i.USART_Polarity_Config), (16 bytes).
    Removing n32g430_usart.o(i.USART_Prescaler_Set), (16 bytes).
    Removing n32g430_usart.o(i.USART_Receiver_Wakeup_Disable), (10 bytes).
    Removing n32g430_usart.o(i.USART_Receiver_Wakeup_Enable), (10 bytes).
    Removing n32g430_usart.o(i.USART_Reset), (84 bytes).
    Removing n32g430_usart.o(i.USART_Smart_Card_Disable), (10 bytes).
    Removing n32g430_usart.o(i.USART_Smart_Card_Enable), (10 bytes).
    Removing n32g430_usart.o(i.USART_Smart_Card_NACK_Disable), (10 bytes).
    Removing n32g430_usart.o(i.USART_Smart_Card_NACK_Enable), (10 bytes).
    Removing n32g430_usart.o(i.USART_Stop_Bits_Config), (16 bytes).
    Removing n32g430_usart.o(i.USART_Structure_Initializes), (24 bytes).
    Removing n32g430_usart.o(i.USART_WakeUp_Mode_Set), (16 bytes).
    Removing n32g430_usart.o(i.USART_Word_Length_Config), (16 bytes).
    Removing n32g430_wwdg.o(.rev16_text), (4 bytes).
    Removing n32g430_wwdg.o(.revsh_text), (4 bytes).
    Removing n32g430_wwdg.o(.rrx_text), (6 bytes).
    Removing n32g430_wwdg.o(i.WWDG_Counter_Value_Set), (16 bytes).
    Removing n32g430_wwdg.o(i.WWDG_EWINTF_Flag_Clear), (12 bytes).
    Removing n32g430_wwdg.o(i.WWDG_EWINTF_Flag_Get), (12 bytes).
    Removing n32g430_wwdg.o(i.WWDG_Enable), (16 bytes).
    Removing n32g430_wwdg.o(i.WWDG_Interrupt_Enable), (12 bytes).
    Removing n32g430_wwdg.o(i.WWDG_Prescaler_Division_Set), (24 bytes).
    Removing n32g430_wwdg.o(i.WWDG_Reset), (12 bytes).
    Removing n32g430_wwdg.o(i.WWDG_Window_Value_Set), (40 bytes).
    Removing startup_n32g430.o(HEAP), (768 bytes).
    Removing bsp_delay.o(.rev16_text), (4 bytes).
    Removing bsp_delay.o(.revsh_text), (4 bytes).
    Removing bsp_delay.o(.rrx_text), (6 bytes).
    Removing bsp_delay.o(i.SysTick_Delay_Us), (76 bytes).
    Removing bsp_iwdg.o(.rev16_text), (4 bytes).
    Removing bsp_iwdg.o(.revsh_text), (4 bytes).
    Removing bsp_iwdg.o(.rrx_text), (6 bytes).
    Removing main.o(.rev16_text), (4 bytes).
    Removing main.o(.revsh_text), (4 bytes).
    Removing main.o(.rrx_text), (6 bytes).
    Removing n32g430_it.o(.rev16_text), (4 bytes).
    Removing n32g430_it.o(.revsh_text), (4 bytes).
    Removing n32g430_it.o(.rrx_text), (6 bytes).
    Removing monoscreen.o(.rev16_text), (4 bytes).
    Removing monoscreen.o(.revsh_text), (4 bytes).
    Removing monoscreen.o(.rrx_text), (6 bytes).
    Removing monoscreen.o(i.MonoScreen_DrawColoredChar), (56 bytes).
    Removing monoscreen.o(i.MonoScreen_DrawConstString), (216 bytes).
    Removing monoscreen.o(i.MonoScreen_DrawHLine), (136 bytes).
    Removing monoscreen.o(i.MonoScreen_DrawLine), (198 bytes).
    Removing monoscreen.o(i.MonoScreen_DrawPixel), (24 bytes).
    Removing monoscreen.o(i.MonoScreen_DrawRect), (64 bytes).
    Removing monoscreen.o(i.MonoScreen_DrawVLine), (28 bytes).
    Removing monoscreen.o(i.MonoScreen_FillRect), (40 bytes).
    Removing monoscreen.o(i.MonoScreen_GetHeight), (8 bytes).
    Removing monoscreen.o(i.MonoScreen_GetWidth), (8 bytes).
    Removing monoscreen.o(i.MonoScreen_SetBackgroundDrawingMode), (12 bytes).
    Removing monoscreen.o(i.MonoScreen_SetFont), (12 bytes).
    Removing monoscreen.o(i.MonoScreen_SetPixelDrawingMode), (12 bytes).
    Removing monoscreen.o(i.MonoScreen_SetRotation), (12 bytes).
    Removing softi2c.o(.rev16_text), (4 bytes).
    Removing softi2c.o(.revsh_text), (4 bytes).
    Removing softi2c.o(.rrx_text), (6 bytes).
    Removing softi2c.o(i.I2C_Init), (32 bytes).
    Removing softi2c.o(i.I2C_PutAck), (68 bytes).
    Removing softi2c.o(i.I2C_Read), (104 bytes).
    Removing softi2c.o(i.SoftI2c_MemRead), (156 bytes).
    Removing key.o(.rev16_text), (4 bytes).
    Removing key.o(.revsh_text), (4 bytes).
    Removing key.o(.rrx_text), (6 bytes).
    Removing key.o(i.Key_Handle), (532 bytes).
    Removing dadd.o(.text), (334 bytes).
    Removing dmul.o(.text), (228 bytes).
    Removing ddiv.o(.text), (222 bytes).
    Removing dfixul.o(.text), (48 bytes).
    Removing cdrcmple.o(.text), (48 bytes).
    Removing depilogue.o(.text), (186 bytes).

918 unused section(s) (total 30606 bytes) removed from the image.

==============================================================================

Image Symbol Table

    Local Symbols

    Symbol Name                              Value     Ov Type        Size  Object(Section)

    ../clib/microlib/division.c              0x00000000   Number         0  uidiv.o ABSOLUTE
    ../clib/microlib/division.c              0x00000000   Number         0  uldiv.o ABSOLUTE
    ../clib/microlib/init/entry.s            0x00000000   Number         0  entry10b.o ABSOLUTE
    ../clib/microlib/init/entry.s            0x00000000   Number         0  entry10a.o ABSOLUTE
    ../clib/microlib/init/entry.s            0x00000000   Number         0  entry9b.o ABSOLUTE
    ../clib/microlib/init/entry.s            0x00000000   Number         0  entry.o ABSOLUTE
    ../clib/microlib/init/entry.s            0x00000000   Number         0  entry9a.o ABSOLUTE
    ../clib/microlib/init/entry.s            0x00000000   Number         0  entry8b.o ABSOLUTE
    ../clib/microlib/init/entry.s            0x00000000   Number         0  entry5.o ABSOLUTE
    ../clib/microlib/init/entry.s            0x00000000   Number         0  entry7a.o ABSOLUTE
    ../clib/microlib/init/entry.s            0x00000000   Number         0  entry2.o ABSOLUTE
    ../clib/microlib/init/entry.s            0x00000000   Number         0  entry11a.o ABSOLUTE
    ../clib/microlib/init/entry.s            0x00000000   Number         0  entry8a.o ABSOLUTE
    ../clib/microlib/init/entry.s            0x00000000   Number         0  entry7b.o ABSOLUTE
    ../clib/microlib/init/entry.s            0x00000000   Number         0  entry11b.o ABSOLUTE
    ../clib/microlib/longlong.c              0x00000000   Number         0  llsshr.o ABSOLUTE
    ../clib/microlib/longlong.c              0x00000000   Number         0  llshl.o ABSOLUTE
    ../clib/microlib/longlong.c              0x00000000   Number         0  llushr.o ABSOLUTE
    ../clib/microlib/printf/printf.c         0x00000000   Number         0  printf2.o ABSOLUTE
    ../clib/microlib/printf/printf.c         0x00000000   Number         0  printfb.o ABSOLUTE
    ../clib/microlib/printf/printf.c         0x00000000   Number         0  printfa.o ABSOLUTE
    ../clib/microlib/printf/printf.c         0x00000000   Number         0  printf8.o ABSOLUTE
    ../clib/microlib/printf/printf.c         0x00000000   Number         0  printf1.o ABSOLUTE
    ../clib/microlib/printf/printf.c         0x00000000   Number         0  printf7.o ABSOLUTE
    ../clib/microlib/printf/printf.c         0x00000000   Number         0  printf6.o ABSOLUTE
    ../clib/microlib/printf/printf.c         0x00000000   Number         0  printf3.o ABSOLUTE
    ../clib/microlib/printf/printf.c         0x00000000   Number         0  printf5.o ABSOLUTE
    ../clib/microlib/printf/printf.c         0x00000000   Number         0  printf4.o ABSOLUTE
    ../clib/microlib/printf/printf.c         0x00000000   Number         0  printf0.o ABSOLUTE
    ../clib/microlib/printf/stubs.s          0x00000000   Number         0  stubs.o ABSOLUTE
    ../clib/microlib/stdio/fputc.c           0x00000000   Number         0  fputc.o ABSOLUTE
    ../clib/microlib/stdio/semi.s            0x00000000   Number         0  semi.o ABSOLUTE
    ../clib/microlib/stdio/streams.c         0x00000000   Number         0  stdout.o ABSOLUTE
    ../clib/microlib/stubs.s                 0x00000000   Number         0  iusefp.o ABSOLUTE
    ../clib/microlib/stubs.s                 0x00000000   Number         0  iusesemip.o ABSOLUTE
    ../fplib/microlib/fpadd.c                0x00000000   Number         0  dadd.o ABSOLUTE
    ../fplib/microlib/fpdiv.c                0x00000000   Number         0  ddiv.o ABSOLUTE
    ../fplib/microlib/fpepilogue.c           0x00000000   Number         0  depilogue.o ABSOLUTE
    ../fplib/microlib/fpfix.c                0x00000000   Number         0  dfixul.o ABSOLUTE
    ../fplib/microlib/fpmul.c                0x00000000   Number         0  dmul.o ABSOLUTE
    Core\\src\\bsp_delay.c                   0x00000000   Number         0  bsp_delay.o ABSOLUTE
    Core\\src\\bsp_iwdg.c                    0x00000000   Number         0  bsp_iwdg.o ABSOLUTE
    Core\\src\\main.c                        0x00000000   Number         0  main.o ABSOLUTE
    Core\\src\\n32g430_it.c                  0x00000000   Number         0  n32g430_it.o ABSOLUTE
    Core\src\bsp_delay.c                     0x00000000   Number         0  bsp_delay.o ABSOLUTE
    Core\src\bsp_iwdg.c                      0x00000000   Number         0  bsp_iwdg.o ABSOLUTE
    Core\src\main.c                          0x00000000   Number         0  main.o ABSOLUTE
    Core\src\n32g430_it.c                    0x00000000   Number         0  n32g430_it.o ABSOLUTE
    Drivers\CMSIS\device\system_n32g430.c    0x00000000   Number         0  system_n32g430.o ABSOLUTE
    Drivers\\CMSIS\\device\\system_n32g430.c 0x00000000   Number         0  system_n32g430.o ABSOLUTE
    Drivers\\n32g430_std_periph_driver\\src\\misc.c 0x00000000   Number         0  misc.o ABSOLUTE
    Drivers\\n32g430_std_periph_driver\\src\\n32g430_adc.c 0x00000000   Number         0  n32g430_adc.o ABSOLUTE
    Drivers\\n32g430_std_periph_driver\\src\\n32g430_beeper.c 0x00000000   Number         0  n32g430_beeper.o ABSOLUTE
    Drivers\\n32g430_std_periph_driver\\src\\n32g430_can.c 0x00000000   Number         0  n32g430_can.o ABSOLUTE
    Drivers\\n32g430_std_periph_driver\\src\\n32g430_comp.c 0x00000000   Number         0  n32g430_comp.o ABSOLUTE
    Drivers\\n32g430_std_periph_driver\\src\\n32g430_crc.c 0x00000000   Number         0  n32g430_crc.o ABSOLUTE
    Drivers\\n32g430_std_periph_driver\\src\\n32g430_dbg.c 0x00000000   Number         0  n32g430_dbg.o ABSOLUTE
    Drivers\\n32g430_std_periph_driver\\src\\n32g430_dma.c 0x00000000   Number         0  n32g430_dma.o ABSOLUTE
    Drivers\\n32g430_std_periph_driver\\src\\n32g430_exti.c 0x00000000   Number         0  n32g430_exti.o ABSOLUTE
    Drivers\\n32g430_std_periph_driver\\src\\n32g430_flash.c 0x00000000   Number         0  n32g430_flash.o ABSOLUTE
    Drivers\\n32g430_std_periph_driver\\src\\n32g430_gpio.c 0x00000000   Number         0  n32g430_gpio.o ABSOLUTE
    Drivers\\n32g430_std_periph_driver\\src\\n32g430_i2c.c 0x00000000   Number         0  n32g430_i2c.o ABSOLUTE
    Drivers\\n32g430_std_periph_driver\\src\\n32g430_iwdg.c 0x00000000   Number         0  n32g430_iwdg.o ABSOLUTE
    Drivers\\n32g430_std_periph_driver\\src\\n32g430_lptim.c 0x00000000   Number         0  n32g430_lptim.o ABSOLUTE
    Drivers\\n32g430_std_periph_driver\\src\\n32g430_pwr.c 0x00000000   Number         0  n32g430_pwr.o ABSOLUTE
    Drivers\\n32g430_std_periph_driver\\src\\n32g430_rcc.c 0x00000000   Number         0  n32g430_rcc.o ABSOLUTE
    Drivers\\n32g430_std_periph_driver\\src\\n32g430_rtc.c 0x00000000   Number         0  n32g430_rtc.o ABSOLUTE
    Drivers\\n32g430_std_periph_driver\\src\\n32g430_spi.c 0x00000000   Number         0  n32g430_spi.o ABSOLUTE
    Drivers\\n32g430_std_periph_driver\\src\\n32g430_tim.c 0x00000000   Number         0  n32g430_tim.o ABSOLUTE
    Drivers\\n32g430_std_periph_driver\\src\\n32g430_usart.c 0x00000000   Number         0  n32g430_usart.o ABSOLUTE
    Drivers\\n32g430_std_periph_driver\\src\\n32g430_wwdg.c 0x00000000   Number         0  n32g430_wwdg.o ABSOLUTE
    Drivers\n32g430_std_periph_driver\src\misc.c 0x00000000   Number         0  misc.o ABSOLUTE
    Drivers\n32g430_std_periph_driver\src\n32g430_adc.c 0x00000000   Number         0  n32g430_adc.o ABSOLUTE
    Drivers\n32g430_std_periph_driver\src\n32g430_beeper.c 0x00000000   Number         0  n32g430_beeper.o ABSOLUTE
    Drivers\n32g430_std_periph_driver\src\n32g430_can.c 0x00000000   Number         0  n32g430_can.o ABSOLUTE
    Drivers\n32g430_std_periph_driver\src\n32g430_comp.c 0x00000000   Number         0  n32g430_comp.o ABSOLUTE
    Drivers\n32g430_std_periph_driver\src\n32g430_crc.c 0x00000000   Number         0  n32g430_crc.o ABSOLUTE
    Drivers\n32g430_std_periph_driver\src\n32g430_dbg.c 0x00000000   Number         0  n32g430_dbg.o ABSOLUTE
    Drivers\n32g430_std_periph_driver\src\n32g430_dma.c 0x00000000   Number         0  n32g430_dma.o ABSOLUTE
    Drivers\n32g430_std_periph_driver\src\n32g430_exti.c 0x00000000   Number         0  n32g430_exti.o ABSOLUTE
    Drivers\n32g430_std_periph_driver\src\n32g430_flash.c 0x00000000   Number         0  n32g430_flash.o ABSOLUTE
    Drivers\n32g430_std_periph_driver\src\n32g430_gpio.c 0x00000000   Number         0  n32g430_gpio.o ABSOLUTE
    Drivers\n32g430_std_periph_driver\src\n32g430_i2c.c 0x00000000   Number         0  n32g430_i2c.o ABSOLUTE
    Drivers\n32g430_std_periph_driver\src\n32g430_iwdg.c 0x00000000   Number         0  n32g430_iwdg.o ABSOLUTE
    Drivers\n32g430_std_periph_driver\src\n32g430_lptim.c 0x00000000   Number         0  n32g430_lptim.o ABSOLUTE
    Drivers\n32g430_std_periph_driver\src\n32g430_pwr.c 0x00000000   Number         0  n32g430_pwr.o ABSOLUTE
    Drivers\n32g430_std_periph_driver\src\n32g430_rcc.c 0x00000000   Number         0  n32g430_rcc.o ABSOLUTE
    Drivers\n32g430_std_periph_driver\src\n32g430_rtc.c 0x00000000   Number         0  n32g430_rtc.o ABSOLUTE
    Drivers\n32g430_std_periph_driver\src\n32g430_spi.c 0x00000000   Number         0  n32g430_spi.o ABSOLUTE
    Drivers\n32g430_std_periph_driver\src\n32g430_tim.c 0x00000000   Number         0  n32g430_tim.o ABSOLUTE
    Drivers\n32g430_std_periph_driver\src\n32g430_usart.c 0x00000000   Number         0  n32g430_usart.o ABSOLUTE
    Drivers\n32g430_std_periph_driver\src\n32g430_wwdg.c 0x00000000   Number         0  n32g430_wwdg.o ABSOLUTE
    Lib\Key_Scanf\KEY.c                      0x00000000   Number         0  key.o ABSOLUTE
    Lib\MonoScreen\MonoScreen.c              0x00000000   Number         0  monoscreen.o ABSOLUTE
    Lib\MonoScreen\fonts.c                   0x00000000   Number         0  fonts.o ABSOLUTE
    Lib\SoftI2C\SoftI2c.c                    0x00000000   Number         0  softi2c.o ABSOLUTE
    Lib\\Key_Scanf\\KEY.c                    0x00000000   Number         0  key.o ABSOLUTE
    Lib\\MonoScreen\\MonoScreen.c            0x00000000   Number         0  monoscreen.o ABSOLUTE
    Lib\\SoftI2C\\SoftI2c.c                  0x00000000   Number         0  softi2c.o ABSOLUTE
    Startup\startup_n32g430.s                0x00000000   Number         0  startup_n32g430.o ABSOLUTE
    cdrcmple.s                               0x00000000   Number         0  cdrcmple.o ABSOLUTE
    dc.s                                     0x00000000   Number         0  dc.o ABSOLUTE
    handlers.s                               0x00000000   Number         0  handlers.o ABSOLUTE
    init.s                                   0x00000000   Number         0  init.o ABSOLUTE
    RESET                                    0x08000000   Section      276  startup_n32g430.o(RESET)
    .ARM.Collect$$$$00000000                 0x08000114   Section        0  entry.o(.ARM.Collect$$$$00000000)
    .ARM.Collect$$$$00000001                 0x08000114   Section        4  entry2.o(.ARM.Collect$$$$00000001)
    .ARM.Collect$$$$00000004                 0x08000118   Section        4  entry5.o(.ARM.Collect$$$$00000004)
    .ARM.Collect$$$$00000008                 0x0800011c   Section        0  entry7b.o(.ARM.Collect$$$$00000008)
    .ARM.Collect$$$$0000000A                 0x0800011c   Section        0  entry8b.o(.ARM.Collect$$$$0000000A)
    .ARM.Collect$$$$0000000B                 0x0800011c   Section        8  entry9a.o(.ARM.Collect$$$$0000000B)
    .ARM.Collect$$$$0000000D                 0x08000124   Section        0  entry10a.o(.ARM.Collect$$$$0000000D)
    .ARM.Collect$$$$0000000F                 0x08000124   Section        0  entry11a.o(.ARM.Collect$$$$0000000F)
    .ARM.Collect$$$$00002712                 0x08000124   Section        4  entry2.o(.ARM.Collect$$$$00002712)
    __lit__00000000                          0x08000124   Data           4  entry2.o(.ARM.Collect$$$$00002712)
    .text                                    0x08000128   Section       36  startup_n32g430.o(.text)
    $v0                                      0x08000128   Number         0  startup_n32g430.o(.text)
    .text                                    0x0800014c   Section        0  uidiv.o(.text)
    .text                                    0x08000178   Section       36  init.o(.text)
    i.ADC_AHB_Clock_Mode_Config              0x0800019c   Section        0  n32g430_adc.o(i.ADC_AHB_Clock_Mode_Config)
    i.ADC_Calibration_Operation              0x080001b0   Section        0  n32g430_adc.o(i.ADC_Calibration_Operation)
    i.ADC_Channel_Sample_Time_Config         0x080001f8   Section        0  n32g430_adc.o(i.ADC_Channel_Sample_Time_Config)
    i.ADC_Clock_Mode_Config                  0x08000284   Section        0  n32g430_adc.o(i.ADC_Clock_Mode_Config)
    i.ADC_Continue_Conversion_Disable        0x080002ac   Section        0  n32g430_adc.o(i.ADC_Continue_Conversion_Disable)
    i.ADC_Continue_Conversion_Enable         0x080002c0   Section        0  n32g430_adc.o(i.ADC_Continue_Conversion_Enable)
    i.ADC_Data_Alignment_Config              0x080002d4   Section        0  n32g430_adc.o(i.ADC_Data_Alignment_Config)
    i.ADC_Flag_Status_Clear                  0x080002f0   Section        0  n32g430_adc.o(i.ADC_Flag_Status_Clear)
    i.ADC_Flag_Status_Get                    0x08000300   Section        0  n32g430_adc.o(i.ADC_Flag_Status_Get)
    i.ADC_Initializes                        0x0800032c   Section        0  n32g430_adc.o(i.ADC_Initializes)
    i.ADC_Multichannels_Disable              0x08000360   Section        0  n32g430_adc.o(i.ADC_Multichannels_Disable)
    i.ADC_Multichannels_Enable               0x08000374   Section        0  n32g430_adc.o(i.ADC_Multichannels_Enable)
    i.ADC_ON                                 0x08000388   Section        0  n32g430_adc.o(i.ADC_ON)
    i.ADC_PLL_Clock_Mode_Config              0x0800039c   Section        0  n32g430_adc.o(i.ADC_PLL_Clock_Mode_Config)
    i.ADC_Regular_Channels_Number_Config     0x080003b0   Section        0  n32g430_adc.o(i.ADC_Regular_Channels_Number_Config)
    i.ADC_Regular_Channels_Software_Conversion_Operation 0x080003cc   Section        0  n32g430_adc.o(i.ADC_Regular_Channels_Software_Conversion_Operation)
    i.ADC_Regular_Group_Conversion_Data_Get  0x08000414   Section        0  n32g430_adc.o(i.ADC_Regular_Group_Conversion_Data_Get)
    i.ADC_Regular_Group_External_Trigger_Source_Config 0x08000420   Section        0  n32g430_adc.o(i.ADC_Regular_Group_External_Trigger_Source_Config)
    i.ADC_Regular_Sequence_Conversion_Number_Config 0x0800043c   Section        0  n32g430_adc.o(i.ADC_Regular_Sequence_Conversion_Number_Config)
    i.BSP_ADC_GetData                        0x080004d4   Section        0  main.o(i.BSP_ADC_GetData)
    i.BSP_ADC_Init                           0x08000514   Section        0  main.o(i.BSP_ADC_Init)
    i.BusFault_Handler                       0x08000598   Section        0  n32g430_it.o(i.BusFault_Handler)
    i.DBG_Peripheral_ON                      0x0800059c   Section        0  n32g430_dbg.o(i.DBG_Peripheral_ON)
    i.DBG_SysTick_Config                     0x080005ac   Section        0  bsp_delay.o(i.DBG_SysTick_Config)
    DBG_SysTick_Config                       0x080005ad   Thumb Code    86  bsp_delay.o(i.DBG_SysTick_Config)
    i.DebugMon_Handler                       0x0800060c   Section        0  n32g430_it.o(i.DebugMon_Handler)
    i.DrawCharInternal                       0x08000610   Section        0  monoscreen.o(i.DrawCharInternal)
    DrawCharInternal                         0x08000611   Thumb Code   542  monoscreen.o(i.DrawCharInternal)
    i.DrawPixelInternal                      0x08000838   Section        0  monoscreen.o(i.DrawPixelInternal)
    DrawPixelInternal                        0x08000839   Thumb Code   274  monoscreen.o(i.DrawPixelInternal)
    i.DrawVLineInternal                      0x08000954   Section        0  monoscreen.o(i.DrawVLineInternal)
    i.FillRectInternal                       0x080009e8   Section        0  monoscreen.o(i.FillRectInternal)
    i.GPIO_Alternate_Set                     0x08000a16   Section        0  n32g430_gpio.o(i.GPIO_Alternate_Set)
    i.GPIO_Driver_Set                        0x08000a56   Section        0  n32g430_gpio.o(i.GPIO_Driver_Set)
    i.GPIO_Mode_Set                          0x08000a72   Section        0  n32g430_gpio.o(i.GPIO_Mode_Set)
    i.GPIO_Peripheral_Initialize             0x08000ab6   Section        0  n32g430_gpio.o(i.GPIO_Peripheral_Initialize)
    i.GPIO_Pins_Set                          0x08000b0c   Section        0  n32g430_gpio.o(i.GPIO_Pins_Set)
    i.GPIO_Pull_Set                          0x08000b10   Section        0  n32g430_gpio.o(i.GPIO_Pull_Set)
    i.GPIO_SlewRate_Set                      0x08000b2c   Section        0  n32g430_gpio.o(i.GPIO_SlewRate_Set)
    i.GPIO_Structure_Initialize              0x08000b44   Section        0  n32g430_gpio.o(i.GPIO_Structure_Initialize)
    i.HardFault_Handler                      0x08000b5c   Section        0  n32g430_it.o(i.HardFault_Handler)
    i.I2CMasterWrite                         0x08000b60   Section        0  monoscreen.o(i.I2CMasterWrite)
    I2CMasterWrite                           0x08000b61   Thumb Code    32  monoscreen.o(i.I2CMasterWrite)
    i.I2C_GetAck                             0x08000b80   Section        0  softi2c.o(i.I2C_GetAck)
    i.I2C_Start                              0x08000bec   Section        0  softi2c.o(i.I2C_Start)
    i.I2C_Stop                               0x08000c40   Section        0  softi2c.o(i.I2C_Stop)
    i.I2C_Write                              0x08000c80   Section        0  softi2c.o(i.I2C_Write)
    i.IWDG_Config                            0x08000ccc   Section        0  bsp_iwdg.o(i.IWDG_Config)
    i.IWDG_Counter_Reload                    0x08000cec   Section        0  n32g430_iwdg.o(i.IWDG_Counter_Reload)
    i.IWDG_Enable                            0x08000cf8   Section        0  n32g430_iwdg.o(i.IWDG_Enable)
    i.IWDG_Feed                              0x08000d08   Section        0  bsp_iwdg.o(i.IWDG_Feed)
    i.IWDG_Key_Reload                        0x08000d10   Section        0  n32g430_iwdg.o(i.IWDG_Key_Reload)
    i.IWDG_Prescaler_Division_Set            0x08000d20   Section        0  n32g430_iwdg.o(i.IWDG_Prescaler_Division_Set)
    i.IWDG_Write_Protection_Disable          0x08000d2c   Section        0  n32g430_iwdg.o(i.IWDG_Write_Protection_Disable)
    i.Key_Configuration                      0x08000d3c   Section        0  key.o(i.Key_Configuration)
    i.MemManage_Handler                      0x08000d64   Section        0  n32g430_it.o(i.MemManage_Handler)
    i.MonoScreen_BSP_Init                    0x08000d68   Section        0  monoscreen.o(i.MonoScreen_BSP_Init)
    MonoScreen_BSP_Init                      0x08000d69   Thumb Code    52  monoscreen.o(i.MonoScreen_BSP_Init)
    i.MonoScreen_ClearScreen                 0x08000da0   Section        0  monoscreen.o(i.MonoScreen_ClearScreen)
    i.MonoScreen_DrawChar                    0x08000dc8   Section        0  monoscreen.o(i.MonoScreen_DrawChar)
    i.MonoScreen_DrawString                  0x08000e04   Section        0  monoscreen.o(i.MonoScreen_DrawString)
    i.MonoScreen_FillScreen                  0x08000ee0   Section        0  monoscreen.o(i.MonoScreen_FillScreen)
    i.MonoScreen_Flush                       0x08000efc   Section        0  monoscreen.o(i.MonoScreen_Flush)
    i.MonoScreen_Init                        0x08000f28   Section        0  monoscreen.o(i.MonoScreen_Init)
    i.MonoScreen_setFontSize                 0x08000fd4   Section        0  monoscreen.o(i.MonoScreen_setFontSize)
    i.NMI_Handler                            0x08000fe8   Section        0  n32g430_it.o(i.NMI_Handler)
    i.RCC_ADC_1M_Clock_Config                0x08000fec   Section        0  n32g430_rcc.o(i.RCC_ADC_1M_Clock_Config)
    i.RCC_ADC_Hclk_Config                    0x08001008   Section        0  n32g430_rcc.o(i.RCC_ADC_Hclk_Config)
    i.RCC_ADC_Hclk_Enable                    0x08001020   Section        0  n32g430_rcc.o(i.RCC_ADC_Hclk_Enable)
    i.RCC_ADC_PLL_Clock_Disable              0x08001038   Section        0  n32g430_rcc.o(i.RCC_ADC_PLL_Clock_Disable)
    i.RCC_ADC_PLL_Clock_Prescaler_Enable     0x0800104c   Section        0  n32g430_rcc.o(i.RCC_ADC_PLL_Clock_Prescaler_Enable)
    i.RCC_AHB_Peripheral_Clock_Enable        0x08001064   Section        0  n32g430_rcc.o(i.RCC_AHB_Peripheral_Clock_Enable)
    i.RCC_Clocks_Frequencies_Value_Get       0x08001074   Section        0  n32g430_rcc.o(i.RCC_Clocks_Frequencies_Value_Get)
    i.RCC_Flag_Status_Get                    0x0800118c   Section        0  n32g430_rcc.o(i.RCC_Flag_Status_Get)
    i.RCC_Reset_Flag_Clear                   0x080011cc   Section        0  n32g430_rcc.o(i.RCC_Reset_Flag_Clear)
    i.SVC_Handler                            0x080011e8   Section        0  n32g430_it.o(i.SVC_Handler)
    i.SoftI2c_MemWrite                       0x080011ea   Section        0  softi2c.o(i.SoftI2c_MemWrite)
    i.SysTick_Delay_Ms                       0x08001264   Section        0  bsp_delay.o(i.SysTick_Delay_Ms)
    i.SysTick_Handler                        0x080012ae   Section        0  n32g430_it.o(i.SysTick_Handler)
    i.System_Clock_Set                       0x080012b0   Section        0  system_n32g430.o(i.System_Clock_Set)
    System_Clock_Set                         0x080012b1   Thumb Code   254  system_n32g430.o(i.System_Clock_Set)
    i.System_Initializes                     0x080013c8   Section        0  system_n32g430.o(i.System_Initializes)
    i.TransmitCommands                       0x08001474   Section        0  monoscreen.o(i.TransmitCommands)
    TransmitCommands                         0x08001475   Thumb Code    26  monoscreen.o(i.TransmitCommands)
    i.TransmitData                           0x0800148e   Section        0  monoscreen.o(i.TransmitData)
    TransmitData                             0x0800148f   Thumb Code    26  monoscreen.o(i.TransmitData)
    i.UsageFault_Handler                     0x080014a8   Section        0  n32g430_it.o(i.UsageFault_Handler)
    i.WriteCommand                           0x080014ac   Section        0  monoscreen.o(i.WriteCommand)
    WriteCommand                             0x080014ad   Thumb Code    24  monoscreen.o(i.WriteCommand)
    i.__0sprintf$6                           0x080014c4   Section        0  printf6.o(i.__0sprintf$6)
    i.__scatterload_copy                     0x080014ec   Section       14  handlers.o(i.__scatterload_copy)
    i.__scatterload_null                     0x080014fa   Section        2  handlers.o(i.__scatterload_null)
    i.__scatterload_zeroinit                 0x080014fc   Section       14  handlers.o(i.__scatterload_zeroinit)
    i._printf_core                           0x0800150c   Section        0  printf6.o(i._printf_core)
    _printf_core                             0x0800150d   Thumb Code   748  printf6.o(i._printf_core)
    i._printf_post_padding                   0x080017fc   Section        0  printf6.o(i._printf_post_padding)
    _printf_post_padding                     0x080017fd   Thumb Code    36  printf6.o(i._printf_post_padding)
    i._printf_pre_padding                    0x08001820   Section        0  printf6.o(i._printf_pre_padding)
    _printf_pre_padding                      0x08001821   Thumb Code    46  printf6.o(i._printf_pre_padding)
    i._sputc                                 0x0800184e   Section        0  printf6.o(i._sputc)
    _sputc                                   0x0800184f   Thumb Code    10  printf6.o(i._sputc)
    i.drawFastHLineInternal                  0x08001858   Section        0  monoscreen.o(i.drawFastHLineInternal)
    drawFastHLineInternal                    0x08001859   Thumb Code   162  monoscreen.o(i.drawFastHLineInternal)
    i.drawFastVLineInternal                  0x08001900   Section        0  monoscreen.o(i.drawFastVLineInternal)
    drawFastVLineInternal                    0x08001901   Thumb Code   348  monoscreen.o(i.drawFastVLineInternal)
    i.height                                 0x08001a68   Section        0  monoscreen.o(i.height)
    height                                   0x08001a69   Thumb Code    28  monoscreen.o(i.height)
    i.main                                   0x08001a88   Section        0  main.o(i.main)
    i.width                                  0x08001cd8   Section        0  monoscreen.o(i.width)
    width                                    0x08001cd9   Thumb Code    28  monoscreen.o(i.width)
    .constdata                               0x08001cf8   Section       64  n32g430_rcc.o(.constdata)
    APBAHBPresTable                          0x08001cf8   Data          16  n32g430_rcc.o(.constdata)
    ADCHCLKPresTable                         0x08001d08   Data          16  n32g430_rcc.o(.constdata)
    ADCPLLCLKPresTable                       0x08001d18   Data          32  n32g430_rcc.o(.constdata)
    .constdata                               0x08001d38   Section     1280  fonts.o(.constdata)
    .constdata                               0x08002238   Section       16  monoscreen.o(.constdata)
    premask                                  0x08002238   Data           8  monoscreen.o(.constdata)
    postmask                                 0x08002240   Data           8  monoscreen.o(.constdata)
    .data                                    0x20000000   Section        4  system_n32g430.o(.data)
    .data                                    0x20000004   Section        2  main.o(.data)
    .data                                    0x20000008   Section        9  monoscreen.o(.data)
    .data                                    0x20000012   Section       13  key.o(.data)
    .bss                                     0x20000020   Section      512  monoscreen.o(.bss)
    vRam                                     0x20000020   Data         512  monoscreen.o(.bss)
    STACK                                    0x20000220   Section     5376  startup_n32g430.o(STACK)

    Global Symbols

    Symbol Name                              Value     Ov Type        Size  Object(Section)

    BuildAttributes$$THM_ISAv4$E$P$D$K$B$S$7EM$VFPi3$EXTD16$VFPS$VFMA$PE$A:L22UL41UL21$X:L11$S22US41US21$IEEE1$IW$USESV6$~STKCKD$USESV7$~SHL$OSPACE$ROPI$EBA8$MICROLIB$REQ8$PRES8$EABIv2 0x00000000   Number         0  anon$$obj.o ABSOLUTE
    __ARM_use_no_argv                        0x00000000   Number         0  main.o ABSOLUTE
    _printf_a                                0x00000000   Number         0  stubs.o ABSOLUTE
    _printf_c                                0x00000000   Number         0  stubs.o ABSOLUTE
    _printf_charcount                        0x00000000   Number         0  stubs.o ABSOLUTE
    _printf_d                                0x00000000   Number         0  stubs.o ABSOLUTE
    _printf_e                                0x00000000   Number         0  stubs.o ABSOLUTE
    _printf_f                                0x00000000   Number         0  stubs.o ABSOLUTE
    _printf_flags                            0x00000000   Number         0  stubs.o ABSOLUTE
    _printf_fp_dec                           0x00000000   Number         0  stubs.o ABSOLUTE
    _printf_fp_hex                           0x00000000   Number         0  stubs.o ABSOLUTE
    _printf_g                                0x00000000   Number         0  stubs.o ABSOLUTE
    _printf_i                                0x00000000   Number         0  stubs.o ABSOLUTE
    _printf_int_dec                          0x00000000   Number         0  stubs.o ABSOLUTE
    _printf_l                                0x00000000   Number         0  stubs.o ABSOLUTE
    _printf_lc                               0x00000000   Number         0  stubs.o ABSOLUTE
    _printf_ll                               0x00000000   Number         0  stubs.o ABSOLUTE
    _printf_lld                              0x00000000   Number         0  stubs.o ABSOLUTE
    _printf_lli                              0x00000000   Number         0  stubs.o ABSOLUTE
    _printf_llo                              0x00000000   Number         0  stubs.o ABSOLUTE
    _printf_llu                              0x00000000   Number         0  stubs.o ABSOLUTE
    _printf_llx                              0x00000000   Number         0  stubs.o ABSOLUTE
    _printf_longlong_dec                     0x00000000   Number         0  stubs.o ABSOLUTE
    _printf_longlong_hex                     0x00000000   Number         0  stubs.o ABSOLUTE
    _printf_longlong_oct                     0x00000000   Number         0  stubs.o ABSOLUTE
    _printf_ls                               0x00000000   Number         0  stubs.o ABSOLUTE
    _printf_mbtowc                           0x00000000   Number         0  stubs.o ABSOLUTE
    _printf_n                                0x00000000   Number         0  stubs.o ABSOLUTE
    _printf_o                                0x00000000   Number         0  stubs.o ABSOLUTE
    _printf_p                                0x00000000   Number         0  stubs.o ABSOLUTE
    _printf_percent                          0x00000000   Number         0  stubs.o ABSOLUTE
    _printf_pre_padding                      0x00000000   Number         0  stubs.o ABSOLUTE
    _printf_return_value                     0x00000000   Number         0  stubs.o ABSOLUTE
    _printf_s                                0x00000000   Number         0  stubs.o ABSOLUTE
    _printf_sizespec                         0x00000000   Number         0  stubs.o ABSOLUTE
    _printf_str                              0x00000000   Number         0  stubs.o ABSOLUTE
    _printf_truncate_signed                  0x00000000   Number         0  stubs.o ABSOLUTE
    _printf_truncate_unsigned                0x00000000   Number         0  stubs.o ABSOLUTE
    _printf_u                                0x00000000   Number         0  stubs.o ABSOLUTE
    _printf_wc                               0x00000000   Number         0  stubs.o ABSOLUTE
    _printf_wctomb                           0x00000000   Number         0  stubs.o ABSOLUTE
    _printf_widthprec                        0x00000000   Number         0  stubs.o ABSOLUTE
    _printf_x                                0x00000000   Number         0  stubs.o ABSOLUTE
    __cpp_initialize__aeabi_                  - Undefined Weak Reference
    __cxa_finalize                            - Undefined Weak Reference
    __decompress                              - Undefined Weak Reference
    _clock_init                               - Undefined Weak Reference
    _microlib_exit                            - Undefined Weak Reference
    __Vectors_Size                           0x00000114   Number         0  startup_n32g430.o ABSOLUTE
    __Vectors                                0x08000000   Data           4  startup_n32g430.o(RESET)
    __Vectors_End                            0x08000114   Data           0  startup_n32g430.o(RESET)
    __main                                   0x08000115   Thumb Code     0  entry.o(.ARM.Collect$$$$00000000)
    _main_stk                                0x08000115   Thumb Code     0  entry2.o(.ARM.Collect$$$$00000001)
    _main_scatterload                        0x08000119   Thumb Code     0  entry5.o(.ARM.Collect$$$$00000004)
    __main_after_scatterload                 0x0800011d   Thumb Code     0  entry5.o(.ARM.Collect$$$$00000004)
    _main_clock                              0x0800011d   Thumb Code     0  entry7b.o(.ARM.Collect$$$$00000008)
    _main_cpp_init                           0x0800011d   Thumb Code     0  entry8b.o(.ARM.Collect$$$$0000000A)
    _main_init                               0x0800011d   Thumb Code     0  entry9a.o(.ARM.Collect$$$$0000000B)
    __rt_final_cpp                           0x08000125   Thumb Code     0  entry10a.o(.ARM.Collect$$$$0000000D)
    __rt_final_exit                          0x08000125   Thumb Code     0  entry11a.o(.ARM.Collect$$$$0000000F)
    Reset_Handler                            0x08000129   Thumb Code     8  startup_n32g430.o(.text)
    PendSV_Handler                           0x0800013f   Thumb Code     2  startup_n32g430.o(.text)
    ADC_IRQHandler                           0x08000143   Thumb Code     0  startup_n32g430.o(.text)
    CAN_RX0_IRQHandler                       0x08000143   Thumb Code     0  startup_n32g430.o(.text)
    CAN_RX1_IRQHandler                       0x08000143   Thumb Code     0  startup_n32g430.o(.text)
    CAN_SCE_IRQHandler                       0x08000143   Thumb Code     0  startup_n32g430.o(.text)
    CAN_TX_IRQHandler                        0x08000143   Thumb Code     0  startup_n32g430.o(.text)
    COMP_1_2_3_IRQHandler                    0x08000143   Thumb Code     0  startup_n32g430.o(.text)
    DMA_Channel1_IRQHandler                  0x08000143   Thumb Code     0  startup_n32g430.o(.text)
    DMA_Channel2_IRQHandler                  0x08000143   Thumb Code     0  startup_n32g430.o(.text)
    DMA_Channel3_IRQHandler                  0x08000143   Thumb Code     0  startup_n32g430.o(.text)
    DMA_Channel4_IRQHandler                  0x08000143   Thumb Code     0  startup_n32g430.o(.text)
    DMA_Channel5_IRQHandler                  0x08000143   Thumb Code     0  startup_n32g430.o(.text)
    DMA_Channel6_IRQHandler                  0x08000143   Thumb Code     0  startup_n32g430.o(.text)
    DMA_Channel7_IRQHandler                  0x08000143   Thumb Code     0  startup_n32g430.o(.text)
    DMA_Channel8_IRQHandler                  0x08000143   Thumb Code     0  startup_n32g430.o(.text)
    EXTI0_IRQHandler                         0x08000143   Thumb Code     0  startup_n32g430.o(.text)
    EXTI15_10_IRQHandler                     0x08000143   Thumb Code     0  startup_n32g430.o(.text)
    EXTI1_IRQHandler                         0x08000143   Thumb Code     0  startup_n32g430.o(.text)
    EXTI2_IRQHandler                         0x08000143   Thumb Code     0  startup_n32g430.o(.text)
    EXTI3_IRQHandler                         0x08000143   Thumb Code     0  startup_n32g430.o(.text)
    EXTI4_IRQHandler                         0x08000143   Thumb Code     0  startup_n32g430.o(.text)
    EXTI9_5_IRQHandler                       0x08000143   Thumb Code     0  startup_n32g430.o(.text)
    FLASH_IRQHandler                         0x08000143   Thumb Code     0  startup_n32g430.o(.text)
    I2C1_ER_IRQHandler                       0x08000143   Thumb Code     0  startup_n32g430.o(.text)
    I2C1_EV_IRQHandler                       0x08000143   Thumb Code     0  startup_n32g430.o(.text)
    I2C2_ER_IRQHandler                       0x08000143   Thumb Code     0  startup_n32g430.o(.text)
    I2C2_EV_IRQHandler                       0x08000143   Thumb Code     0  startup_n32g430.o(.text)
    LPTIM_WKUP_IRQHandler                    0x08000143   Thumb Code     0  startup_n32g430.o(.text)
    MMU_IRQHandler                           0x08000143   Thumb Code     0  startup_n32g430.o(.text)
    PVD_IRQHandler                           0x08000143   Thumb Code     0  startup_n32g430.o(.text)
    RCC_IRQHandler                           0x08000143   Thumb Code     0  startup_n32g430.o(.text)
    RTCAlarm_IRQHandler                      0x08000143   Thumb Code     0  startup_n32g430.o(.text)
    RTC_TAMPER_STAMP_IRQHandler              0x08000143   Thumb Code     0  startup_n32g430.o(.text)
    RTC_WKUP_IRQHandler                      0x08000143   Thumb Code     0  startup_n32g430.o(.text)
    SPI1_IRQHandler                          0x08000143   Thumb Code     0  startup_n32g430.o(.text)
    SPI2_IRQHandler                          0x08000143   Thumb Code     0  startup_n32g430.o(.text)
    TIM1_BRK_IRQHandler                      0x08000143   Thumb Code     0  startup_n32g430.o(.text)
    TIM1_CC_IRQHandler                       0x08000143   Thumb Code     0  startup_n32g430.o(.text)
    TIM1_TRG_COM_IRQHandler                  0x08000143   Thumb Code     0  startup_n32g430.o(.text)
    TIM1_UP_IRQHandler                       0x08000143   Thumb Code     0  startup_n32g430.o(.text)
    TIM2_IRQHandler                          0x08000143   Thumb Code     0  startup_n32g430.o(.text)
    TIM3_IRQHandler                          0x08000143   Thumb Code     0  startup_n32g430.o(.text)
    TIM4_IRQHandler                          0x08000143   Thumb Code     0  startup_n32g430.o(.text)
    TIM5_IRQHandler                          0x08000143   Thumb Code     0  startup_n32g430.o(.text)
    TIM6_IRQHandler                          0x08000143   Thumb Code     0  startup_n32g430.o(.text)
    TIM8_BRK_IRQHandler                      0x08000143   Thumb Code     0  startup_n32g430.o(.text)
    TIM8_CC_IRQHandler                       0x08000143   Thumb Code     0  startup_n32g430.o(.text)
    TIM8_TRG_COM_IRQHandler                  0x08000143   Thumb Code     0  startup_n32g430.o(.text)
    TIM8_UP_IRQHandler                       0x08000143   Thumb Code     0  startup_n32g430.o(.text)
    UART3_IRQHandler                         0x08000143   Thumb Code     0  startup_n32g430.o(.text)
    UART4_IRQHandler                         0x08000143   Thumb Code     0  startup_n32g430.o(.text)
    USART1_IRQHandler                        0x08000143   Thumb Code     0  startup_n32g430.o(.text)
    USART2_IRQHandler                        0x08000143   Thumb Code     0  startup_n32g430.o(.text)
    WWDG_IRQHandler                          0x08000143   Thumb Code     0  startup_n32g430.o(.text)
    __aeabi_uidiv                            0x0800014d   Thumb Code     0  uidiv.o(.text)
    __aeabi_uidivmod                         0x0800014d   Thumb Code    44  uidiv.o(.text)
    __scatterload                            0x08000179   Thumb Code    28  init.o(.text)
    __scatterload_rt2                        0x08000179   Thumb Code     0  init.o(.text)
    ADC_AHB_Clock_Mode_Config                0x0800019d   Thumb Code    14  n32g430_adc.o(i.ADC_AHB_Clock_Mode_Config)
    ADC_Calibration_Operation                0x080001b1   Thumb Code    68  n32g430_adc.o(i.ADC_Calibration_Operation)
    ADC_Channel_Sample_Time_Config           0x080001f9   Thumb Code   134  n32g430_adc.o(i.ADC_Channel_Sample_Time_Config)
    ADC_Clock_Mode_Config                    0x08000285   Thumb Code    40  n32g430_adc.o(i.ADC_Clock_Mode_Config)
    ADC_Continue_Conversion_Disable          0x080002ad   Thumb Code    14  n32g430_adc.o(i.ADC_Continue_Conversion_Disable)
    ADC_Continue_Conversion_Enable           0x080002c1   Thumb Code    14  n32g430_adc.o(i.ADC_Continue_Conversion_Enable)
    ADC_Data_Alignment_Config                0x080002d5   Thumb Code    22  n32g430_adc.o(i.ADC_Data_Alignment_Config)
    ADC_Flag_Status_Clear                    0x080002f1   Thumb Code    12  n32g430_adc.o(i.ADC_Flag_Status_Clear)
    ADC_Flag_Status_Get                      0x08000301   Thumb Code    40  n32g430_adc.o(i.ADC_Flag_Status_Get)
    ADC_Initializes                          0x0800032d   Thumb Code    52  n32g430_adc.o(i.ADC_Initializes)
    ADC_Multichannels_Disable                0x08000361   Thumb Code    14  n32g430_adc.o(i.ADC_Multichannels_Disable)
    ADC_Multichannels_Enable                 0x08000375   Thumb Code    14  n32g430_adc.o(i.ADC_Multichannels_Enable)
    ADC_ON                                   0x08000389   Thumb Code    14  n32g430_adc.o(i.ADC_ON)
    ADC_PLL_Clock_Mode_Config                0x0800039d   Thumb Code    14  n32g430_adc.o(i.ADC_PLL_Clock_Mode_Config)
    ADC_Regular_Channels_Number_Config       0x080003b1   Thumb Code    22  n32g430_adc.o(i.ADC_Regular_Channels_Number_Config)
    ADC_Regular_Channels_Software_Conversion_Operation 0x080003cd   Thumb Code    66  n32g430_adc.o(i.ADC_Regular_Channels_Software_Conversion_Operation)
    ADC_Regular_Group_Conversion_Data_Get    0x08000415   Thumb Code     8  n32g430_adc.o(i.ADC_Regular_Group_Conversion_Data_Get)
    ADC_Regular_Group_External_Trigger_Source_Config 0x08000421   Thumb Code    22  n32g430_adc.o(i.ADC_Regular_Group_External_Trigger_Source_Config)
    ADC_Regular_Sequence_Conversion_Number_Config 0x0800043d   Thumb Code   148  n32g430_adc.o(i.ADC_Regular_Sequence_Conversion_Number_Config)
    BSP_ADC_GetData                          0x080004d5   Thumb Code    64  main.o(i.BSP_ADC_GetData)
    BSP_ADC_Init                             0x08000515   Thumb Code   128  main.o(i.BSP_ADC_Init)
    BusFault_Handler                         0x08000599   Thumb Code     4  n32g430_it.o(i.BusFault_Handler)
    DBG_Peripheral_ON                        0x0800059d   Thumb Code    12  n32g430_dbg.o(i.DBG_Peripheral_ON)
    DebugMon_Handler                         0x0800060d   Thumb Code     2  n32g430_it.o(i.DebugMon_Handler)
    DrawVLineInternal                        0x08000955   Thumb Code   144  monoscreen.o(i.DrawVLineInternal)
    FillRectInternal                         0x080009e9   Thumb Code    46  monoscreen.o(i.FillRectInternal)
    GPIO_Alternate_Set                       0x08000a17   Thumb Code    64  n32g430_gpio.o(i.GPIO_Alternate_Set)
    GPIO_Driver_Set                          0x08000a57   Thumb Code    28  n32g430_gpio.o(i.GPIO_Driver_Set)
    GPIO_Mode_Set                            0x08000a73   Thumb Code    68  n32g430_gpio.o(i.GPIO_Mode_Set)
    GPIO_Peripheral_Initialize               0x08000ab7   Thumb Code    86  n32g430_gpio.o(i.GPIO_Peripheral_Initialize)
    GPIO_Pins_Set                            0x08000b0d   Thumb Code     4  n32g430_gpio.o(i.GPIO_Pins_Set)
    GPIO_Pull_Set                            0x08000b11   Thumb Code    28  n32g430_gpio.o(i.GPIO_Pull_Set)
    GPIO_SlewRate_Set                        0x08000b2d   Thumb Code    24  n32g430_gpio.o(i.GPIO_SlewRate_Set)
    GPIO_Structure_Initialize                0x08000b45   Thumb Code    24  n32g430_gpio.o(i.GPIO_Structure_Initialize)
    HardFault_Handler                        0x08000b5d   Thumb Code     4  n32g430_it.o(i.HardFault_Handler)
    I2C_GetAck                               0x08000b81   Thumb Code   104  softi2c.o(i.I2C_GetAck)
    I2C_Start                                0x08000bed   Thumb Code    78  softi2c.o(i.I2C_Start)
    I2C_Stop                                 0x08000c41   Thumb Code    60  softi2c.o(i.I2C_Stop)
    I2C_Write                                0x08000c81   Thumb Code    72  softi2c.o(i.I2C_Write)
    IWDG_Config                              0x08000ccd   Thumb Code    32  bsp_iwdg.o(i.IWDG_Config)
    IWDG_Counter_Reload                      0x08000ced   Thumb Code     6  n32g430_iwdg.o(i.IWDG_Counter_Reload)
    IWDG_Enable                              0x08000cf9   Thumb Code    10  n32g430_iwdg.o(i.IWDG_Enable)
    IWDG_Feed                                0x08000d09   Thumb Code     8  bsp_iwdg.o(i.IWDG_Feed)
    IWDG_Key_Reload                          0x08000d11   Thumb Code    10  n32g430_iwdg.o(i.IWDG_Key_Reload)
    IWDG_Prescaler_Division_Set              0x08000d21   Thumb Code     6  n32g430_iwdg.o(i.IWDG_Prescaler_Division_Set)
    IWDG_Write_Protection_Disable            0x08000d2d   Thumb Code    10  n32g430_iwdg.o(i.IWDG_Write_Protection_Disable)
    Key_Configuration                        0x08000d3d   Thumb Code    34  key.o(i.Key_Configuration)
    MemManage_Handler                        0x08000d65   Thumb Code     4  n32g430_it.o(i.MemManage_Handler)
    MonoScreen_ClearScreen                   0x08000da1   Thumb Code    34  monoscreen.o(i.MonoScreen_ClearScreen)
    MonoScreen_DrawChar                      0x08000dc9   Thumb Code    42  monoscreen.o(i.MonoScreen_DrawChar)
    MonoScreen_DrawString                    0x08000e05   Thumb Code   206  monoscreen.o(i.MonoScreen_DrawString)
    MonoScreen_FillScreen                    0x08000ee1   Thumb Code    22  monoscreen.o(i.MonoScreen_FillScreen)
    MonoScreen_Flush                         0x08000efd   Thumb Code    30  monoscreen.o(i.MonoScreen_Flush)
    MonoScreen_Init                          0x08000f29   Thumb Code   170  monoscreen.o(i.MonoScreen_Init)
    MonoScreen_setFontSize                   0x08000fd5   Thumb Code    10  monoscreen.o(i.MonoScreen_setFontSize)
    NMI_Handler                              0x08000fe9   Thumb Code     2  n32g430_it.o(i.NMI_Handler)
    RCC_ADC_1M_Clock_Config                  0x08000fed   Thumb Code    24  n32g430_rcc.o(i.RCC_ADC_1M_Clock_Config)
    RCC_ADC_Hclk_Config                      0x08001009   Thumb Code    18  n32g430_rcc.o(i.RCC_ADC_Hclk_Config)
    RCC_ADC_Hclk_Enable                      0x08001021   Thumb Code    18  n32g430_rcc.o(i.RCC_ADC_Hclk_Enable)
    RCC_ADC_PLL_Clock_Disable                0x08001039   Thumb Code    14  n32g430_rcc.o(i.RCC_ADC_PLL_Clock_Disable)
    RCC_ADC_PLL_Clock_Prescaler_Enable       0x0800104d   Thumb Code    18  n32g430_rcc.o(i.RCC_ADC_PLL_Clock_Prescaler_Enable)
    RCC_AHB_Peripheral_Clock_Enable          0x08001065   Thumb Code    12  n32g430_rcc.o(i.RCC_AHB_Peripheral_Clock_Enable)
    RCC_Clocks_Frequencies_Value_Get         0x08001075   Thumb Code   250  n32g430_rcc.o(i.RCC_Clocks_Frequencies_Value_Get)
    RCC_Flag_Status_Get                      0x0800118d   Thumb Code    58  n32g430_rcc.o(i.RCC_Flag_Status_Get)
    RCC_Reset_Flag_Clear                     0x080011cd   Thumb Code    24  n32g430_rcc.o(i.RCC_Reset_Flag_Clear)
    SVC_Handler                              0x080011e9   Thumb Code     2  n32g430_it.o(i.SVC_Handler)
    SoftI2c_MemWrite                         0x080011eb   Thumb Code   122  softi2c.o(i.SoftI2c_MemWrite)
    SysTick_Delay_Ms                         0x08001265   Thumb Code    74  bsp_delay.o(i.SysTick_Delay_Ms)
    SysTick_Handler                          0x080012af   Thumb Code     2  n32g430_it.o(i.SysTick_Handler)
    System_Initializes                       0x080013c9   Thumb Code   144  system_n32g430.o(i.System_Initializes)
    UsageFault_Handler                       0x080014a9   Thumb Code     4  n32g430_it.o(i.UsageFault_Handler)
    __0sprintf$6                             0x080014c5   Thumb Code    34  printf6.o(i.__0sprintf$6)
    __1sprintf$6                             0x080014c5   Thumb Code     0  printf6.o(i.__0sprintf$6)
    __2sprintf                               0x080014c5   Thumb Code     0  printf6.o(i.__0sprintf$6)
    __scatterload_copy                       0x080014ed   Thumb Code    14  handlers.o(i.__scatterload_copy)
    __scatterload_null                       0x080014fb   Thumb Code     2  handlers.o(i.__scatterload_null)
    __scatterload_zeroinit                   0x080014fd   Thumb Code    14  handlers.o(i.__scatterload_zeroinit)
    main                                     0x08001a89   Thumb Code   518  main.o(i.main)
    ScreenBuildInFont                        0x08001d38   Data        1280  fonts.o(.constdata)
    Region$$Table$$Base                      0x08002248   Number         0  anon$$obj.o(Region$$Table)
    Region$$Table$$Limit                     0x08002268   Number         0  anon$$obj.o(Region$$Table)
    SystemClockFrequency                     0x20000000   Data           4  system_n32g430.o(.data)
    Menu                                     0x20000004   Data           1  main.o(.data)
    USBOutputvoltage                         0x20000005   Data           1  main.o(.data)
    font                                     0x20000008   Data           4  monoscreen.o(.data)
    fontSizeX                                0x2000000c   Data           1  monoscreen.o(.data)
    fontSizeY                                0x2000000d   Data           1  monoscreen.o(.data)
    pixelDrawingMode                         0x2000000e   Data           1  monoscreen.o(.data)
    backgroundDrawingMode                    0x2000000f   Data           1  monoscreen.o(.data)
    screenRotation                           0x20000010   Data           1  monoscreen.o(.data)
    KEY3_Time                                0x20000012   Data           2  key.o(.data)
    KEY2_Time                                0x20000014   Data           2  key.o(.data)
    KEY1_Time                                0x20000016   Data           2  key.o(.data)
    KEY3_Long_OK                             0x20000018   Data           1  key.o(.data)
    KEY3_Short_OK                            0x20000019   Data           1  key.o(.data)
    KEY2_Short_OK                            0x2000001a   Data           1  key.o(.data)
    KEY1_Short_OK                            0x2000001b   Data           1  key.o(.data)
    KEY3_Phase                               0x2000001c   Data           1  key.o(.data)
    KEY2_Phase                               0x2000001d   Data           1  key.o(.data)
    KEY1_Phase                               0x2000001e   Data           1  key.o(.data)
    __initial_sp                             0x20001720   Data           0  startup_n32g430.o(STACK)



==============================================================================

Memory Map of the image

  Image Entry point : 0x08000115

  Load Region LR_IROM1 (Base: 0x08000000, Size: 0x00002288, Max: 0x00010000, ABSOLUTE)

    Execution Region ER_IROM1 (Exec base: 0x08000000, Load base: 0x08000000, Size: 0x00002268, Max: 0x00010000, ABSOLUTE)

    Exec Addr    Load Addr    Size         Type   Attr      Idx    E Section Name        Object

    0x08000000   0x08000000   0x00000114   Data   RO         5605    RESET               startup_n32g430.o
    0x08000114   0x08000114   0x00000000   Code   RO         6165  * .ARM.Collect$$$$00000000  mc_w.l(entry.o)
    0x08000114   0x08000114   0x00000004   Code   RO         6429    .ARM.Collect$$$$00000001  mc_w.l(entry2.o)
    0x08000118   0x08000118   0x00000004   Code   RO         6432    .ARM.Collect$$$$00000004  mc_w.l(entry5.o)
    0x0800011c   0x0800011c   0x00000000   Code   RO         6434    .ARM.Collect$$$$00000008  mc_w.l(entry7b.o)
    0x0800011c   0x0800011c   0x00000000   Code   RO         6436    .ARM.Collect$$$$0000000A  mc_w.l(entry8b.o)
    0x0800011c   0x0800011c   0x00000008   Code   RO         6437    .ARM.Collect$$$$0000000B  mc_w.l(entry9a.o)
    0x08000124   0x08000124   0x00000000   Code   RO         6439    .ARM.Collect$$$$0000000D  mc_w.l(entry10a.o)
    0x08000124   0x08000124   0x00000000   Code   RO         6441    .ARM.Collect$$$$0000000F  mc_w.l(entry11a.o)
    0x08000124   0x08000124   0x00000004   Code   RO         6430    .ARM.Collect$$$$00002712  mc_w.l(entry2.o)
    0x08000128   0x08000128   0x00000024   Code   RO         5606    .text               startup_n32g430.o
    0x0800014c   0x0800014c   0x0000002c   Code   RO         6446    .text               mc_w.l(uidiv.o)
    0x08000178   0x08000178   0x00000024   Code   RO         6461    .text               mc_w.l(init.o)
    0x0800019c   0x0800019c   0x00000014   Code   RO          217    i.ADC_AHB_Clock_Mode_Config  n32g430_adc.o
    0x080001b0   0x080001b0   0x00000048   Code   RO          227    i.ADC_Calibration_Operation  n32g430_adc.o
    0x080001f8   0x080001f8   0x0000008c   Code   RO          228    i.ADC_Channel_Sample_Time_Config  n32g430_adc.o
    0x08000284   0x08000284   0x00000028   Code   RO          229    i.ADC_Clock_Mode_Config  n32g430_adc.o
    0x080002ac   0x080002ac   0x00000014   Code   RO          230    i.ADC_Continue_Conversion_Disable  n32g430_adc.o
    0x080002c0   0x080002c0   0x00000014   Code   RO          231    i.ADC_Continue_Conversion_Enable  n32g430_adc.o
    0x080002d4   0x080002d4   0x0000001c   Code   RO          234    i.ADC_Data_Alignment_Config  n32g430_adc.o
    0x080002f0   0x080002f0   0x00000010   Code   RO          244    i.ADC_Flag_Status_Clear  n32g430_adc.o
    0x08000300   0x08000300   0x0000002c   Code   RO          245    i.ADC_Flag_Status_Get  n32g430_adc.o
    0x0800032c   0x0800032c   0x00000034   Code   RO          248    i.ADC_Initializes   n32g430_adc.o
    0x08000360   0x08000360   0x00000014   Code   RO          262    i.ADC_Multichannels_Disable  n32g430_adc.o
    0x08000374   0x08000374   0x00000014   Code   RO          263    i.ADC_Multichannels_Enable  n32g430_adc.o
    0x08000388   0x08000388   0x00000014   Code   RO          265    i.ADC_ON            n32g430_adc.o
    0x0800039c   0x0800039c   0x00000014   Code   RO          266    i.ADC_PLL_Clock_Mode_Config  n32g430_adc.o
    0x080003b0   0x080003b0   0x0000001c   Code   RO          267    i.ADC_Regular_Channels_Number_Config  n32g430_adc.o
    0x080003cc   0x080003cc   0x00000048   Code   RO          268    i.ADC_Regular_Channels_Software_Conversion_Operation  n32g430_adc.o
    0x08000414   0x08000414   0x0000000c   Code   RO          269    i.ADC_Regular_Group_Conversion_Data_Get  n32g430_adc.o
    0x08000420   0x08000420   0x0000001c   Code   RO          270    i.ADC_Regular_Group_External_Trigger_Source_Config  n32g430_adc.o
    0x0800043c   0x0800043c   0x00000098   Code   RO          271    i.ADC_Regular_Sequence_Conversion_Number_Config  n32g430_adc.o
    0x080004d4   0x080004d4   0x00000040   Code   RO         5684    i.BSP_ADC_GetData   main.o
    0x08000514   0x08000514   0x00000084   Code   RO         5685    i.BSP_ADC_Init      main.o
    0x08000598   0x08000598   0x00000004   Code   RO         5750    i.BusFault_Handler  n32g430_it.o
    0x0800059c   0x0800059c   0x00000010   Code   RO         1421    i.DBG_Peripheral_ON  n32g430_dbg.o
    0x080005ac   0x080005ac   0x00000060   Code   RO         5613    i.DBG_SysTick_Config  bsp_delay.o
    0x0800060c   0x0800060c   0x00000002   Code   RO         5751    i.DebugMon_Handler  n32g430_it.o
    0x0800060e   0x0800060e   0x00000002   PAD
    0x08000610   0x08000610   0x00000228   Code   RO         5831    i.DrawCharInternal  monoscreen.o
    0x08000838   0x08000838   0x0000011c   Code   RO         5832    i.DrawPixelInternal  monoscreen.o
    0x08000954   0x08000954   0x00000094   Code   RO         5833    i.DrawVLineInternal  monoscreen.o
    0x080009e8   0x080009e8   0x0000002e   Code   RO         5834    i.FillRectInternal  monoscreen.o
    0x08000a16   0x08000a16   0x00000040   Code   RO         2023    i.GPIO_Alternate_Set  n32g430_gpio.o
    0x08000a56   0x08000a56   0x0000001c   Code   RO         2024    i.GPIO_Driver_Set   n32g430_gpio.o
    0x08000a72   0x08000a72   0x00000044   Code   RO         2028    i.GPIO_Mode_Set     n32g430_gpio.o
    0x08000ab6   0x08000ab6   0x00000056   Code   RO         2033    i.GPIO_Peripheral_Initialize  n32g430_gpio.o
    0x08000b0c   0x08000b0c   0x00000004   Code   RO         2038    i.GPIO_Pins_Set     n32g430_gpio.o
    0x08000b10   0x08000b10   0x0000001c   Code   RO         2039    i.GPIO_Pull_Set     n32g430_gpio.o
    0x08000b2c   0x08000b2c   0x00000018   Code   RO         2041    i.GPIO_SlewRate_Set  n32g430_gpio.o
    0x08000b44   0x08000b44   0x00000018   Code   RO         2042    i.GPIO_Structure_Initialize  n32g430_gpio.o
    0x08000b5c   0x08000b5c   0x00000004   Code   RO         5752    i.HardFault_Handler  n32g430_it.o
    0x08000b60   0x08000b60   0x00000020   Code   RO         5835    i.I2CMasterWrite    monoscreen.o
    0x08000b80   0x08000b80   0x0000006c   Code   RO         6057    i.I2C_GetAck        softi2c.o
    0x08000bec   0x08000bec   0x00000054   Code   RO         6061    i.I2C_Start         softi2c.o
    0x08000c40   0x08000c40   0x00000040   Code   RO         6062    i.I2C_Stop          softi2c.o
    0x08000c80   0x08000c80   0x0000004c   Code   RO         6063    i.I2C_Write         softi2c.o
    0x08000ccc   0x08000ccc   0x00000020   Code   RO         5651    i.IWDG_Config       bsp_iwdg.o
    0x08000cec   0x08000cec   0x0000000c   Code   RO         2625    i.IWDG_Counter_Reload  n32g430_iwdg.o
    0x08000cf8   0x08000cf8   0x00000010   Code   RO         2626    i.IWDG_Enable       n32g430_iwdg.o
    0x08000d08   0x08000d08   0x00000008   Code   RO         5652    i.IWDG_Feed         bsp_iwdg.o
    0x08000d10   0x08000d10   0x00000010   Code   RO         2628    i.IWDG_Key_Reload   n32g430_iwdg.o
    0x08000d20   0x08000d20   0x0000000c   Code   RO         2629    i.IWDG_Prescaler_Division_Set  n32g430_iwdg.o
    0x08000d2c   0x08000d2c   0x00000010   Code   RO         2632    i.IWDG_Write_Protection_Disable  n32g430_iwdg.o
    0x08000d3c   0x08000d3c   0x00000028   Code   RO         6132    i.Key_Configuration  key.o
    0x08000d64   0x08000d64   0x00000004   Code   RO         5753    i.MemManage_Handler  n32g430_it.o
    0x08000d68   0x08000d68   0x00000038   Code   RO         5836    i.MonoScreen_BSP_Init  monoscreen.o
    0x08000da0   0x08000da0   0x00000028   Code   RO         5837    i.MonoScreen_ClearScreen  monoscreen.o
    0x08000dc8   0x08000dc8   0x0000003c   Code   RO         5838    i.MonoScreen_DrawChar  monoscreen.o
    0x08000e04   0x08000e04   0x000000dc   Code   RO         5845    i.MonoScreen_DrawString  monoscreen.o
    0x08000ee0   0x08000ee0   0x0000001c   Code   RO         5848    i.MonoScreen_FillScreen  monoscreen.o
    0x08000efc   0x08000efc   0x0000002c   Code   RO         5849    i.MonoScreen_Flush  monoscreen.o
    0x08000f28   0x08000f28   0x000000aa   Code   RO         5852    i.MonoScreen_Init   monoscreen.o
    0x08000fd2   0x08000fd2   0x00000002   PAD
    0x08000fd4   0x08000fd4   0x00000014   Code   RO         5857    i.MonoScreen_setFontSize  monoscreen.o
    0x08000fe8   0x08000fe8   0x00000002   Code   RO         5754    i.NMI_Handler       n32g430_it.o
    0x08000fea   0x08000fea   0x00000002   PAD
    0x08000fec   0x08000fec   0x0000001c   Code   RO         3126    i.RCC_ADC_1M_Clock_Config  n32g430_rcc.o
    0x08001008   0x08001008   0x00000018   Code   RO         3127    i.RCC_ADC_Hclk_Config  n32g430_rcc.o
    0x08001020   0x08001020   0x00000018   Code   RO         3129    i.RCC_ADC_Hclk_Enable  n32g430_rcc.o
    0x08001038   0x08001038   0x00000014   Code   RO         3130    i.RCC_ADC_PLL_Clock_Disable  n32g430_rcc.o
    0x0800104c   0x0800104c   0x00000018   Code   RO         3131    i.RCC_ADC_PLL_Clock_Prescaler_Enable  n32g430_rcc.o
    0x08001064   0x08001064   0x00000010   Code   RO         3133    i.RCC_AHB_Peripheral_Clock_Enable  n32g430_rcc.o
    0x08001074   0x08001074   0x00000118   Code   RO         3144    i.RCC_Clocks_Frequencies_Value_Get  n32g430_rcc.o
    0x0800118c   0x0800118c   0x00000040   Code   RO         3145    i.RCC_Flag_Status_Get  n32g430_rcc.o
    0x080011cc   0x080011cc   0x0000001c   Code   RO         3181    i.RCC_Reset_Flag_Clear  n32g430_rcc.o
    0x080011e8   0x080011e8   0x00000002   Code   RO         5755    i.SVC_Handler       n32g430_it.o
    0x080011ea   0x080011ea   0x0000007a   Code   RO         6065    i.SoftI2c_MemWrite  softi2c.o
    0x08001264   0x08001264   0x0000004a   Code   RO         5614    i.SysTick_Delay_Ms  bsp_delay.o
    0x080012ae   0x080012ae   0x00000002   Code   RO         5756    i.SysTick_Handler   n32g430_it.o
    0x080012b0   0x080012b0   0x00000118   Code   RO            5    i.System_Clock_Set  system_n32g430.o
    0x080013c8   0x080013c8   0x000000ac   Code   RO            6    i.System_Initializes  system_n32g430.o
    0x08001474   0x08001474   0x0000001a   Code   RO         5858    i.TransmitCommands  monoscreen.o
    0x0800148e   0x0800148e   0x0000001a   Code   RO         5859    i.TransmitData      monoscreen.o
    0x080014a8   0x080014a8   0x00000004   Code   RO         5757    i.UsageFault_Handler  n32g430_it.o
    0x080014ac   0x080014ac   0x00000018   Code   RO         5860    i.WriteCommand      monoscreen.o
    0x080014c4   0x080014c4   0x00000028   Code   RO         6325    i.__0sprintf$6      mc_w.l(printf6.o)
    0x080014ec   0x080014ec   0x0000000e   Code   RO         6475    i.__scatterload_copy  mc_w.l(handlers.o)
    0x080014fa   0x080014fa   0x00000002   Code   RO         6476    i.__scatterload_null  mc_w.l(handlers.o)
    0x080014fc   0x080014fc   0x0000000e   Code   RO         6477    i.__scatterload_zeroinit  mc_w.l(handlers.o)
    0x0800150a   0x0800150a   0x00000002   PAD
    0x0800150c   0x0800150c   0x000002f0   Code   RO         6330    i._printf_core      mc_w.l(printf6.o)
    0x080017fc   0x080017fc   0x00000024   Code   RO         6331    i._printf_post_padding  mc_w.l(printf6.o)
    0x08001820   0x08001820   0x0000002e   Code   RO         6332    i._printf_pre_padding  mc_w.l(printf6.o)
    0x0800184e   0x0800184e   0x0000000a   Code   RO         6334    i._sputc            mc_w.l(printf6.o)
    0x08001858   0x08001858   0x000000a8   Code   RO         5861    i.drawFastHLineInternal  monoscreen.o
    0x08001900   0x08001900   0x00000168   Code   RO         5862    i.drawFastVLineInternal  monoscreen.o
    0x08001a68   0x08001a68   0x00000020   Code   RO         5863    i.height            monoscreen.o
    0x08001a88   0x08001a88   0x00000250   Code   RO         5686    i.main              main.o
    0x08001cd8   0x08001cd8   0x00000020   Code   RO         5864    i.width             monoscreen.o
    0x08001cf8   0x08001cf8   0x00000040   Data   RO         3185    .constdata          n32g430_rcc.o
    0x08001d38   0x08001d38   0x00000500   Data   RO         5816    .constdata          fonts.o
    0x08002238   0x08002238   0x00000010   Data   RO         5866    .constdata          monoscreen.o
    0x08002248   0x08002248   0x00000020   Data   RO         6473    Region$$Table       anon$$obj.o


    Execution Region RW_IRAM1 (Exec base: 0x20000000, Load base: 0x08002268, Size: 0x00001720, Max: 0x00004000, ABSOLUTE)

    Exec Addr    Load Addr    Size         Type   Attr      Idx    E Section Name        Object

    0x20000000   0x08002268   0x00000004   Data   RW            8    .data               system_n32g430.o
    0x20000004   0x0800226c   0x00000002   Data   RW         5687    .data               main.o
    0x20000006   0x0800226e   0x00000002   PAD
    0x20000008   0x08002270   0x00000009   Data   RW         5867    .data               monoscreen.o
    0x20000011   0x08002279   0x00000001   PAD
    0x20000012   0x0800227a   0x0000000d   Data   RW         6134    .data               key.o
    0x2000001f   0x08002287   0x00000001   PAD
    0x20000020        -       0x00000200   Zero   RW         5865    .bss                monoscreen.o
    0x20000220        -       0x00001500   Zero   RW         5603    STACK               startup_n32g430.o


==============================================================================

Image component sizes


      Code (inc. data)   RO Data    RW Data    ZI Data      Debug   Object Name

       170         10          0          0          0       1559   bsp_delay.o
        40          0          0          0          0       1050   bsp_iwdg.o
         0          0       1280          0          0        496   fonts.o
        40          6          0         13          0       1120   key.o
       788         78          0          2          0       2384   main.o
         0          0          0          0          0     238488   misc.o
      2368        122         16          9        512      16433   monoscreen.o
       824         92          0          0          0      12141   n32g430_adc.o
        16          4          0          0          0        560   n32g430_dbg.o
       326          0          0          0          0       5900   n32g430_gpio.o
        24          0          0          0          0       3581   n32g430_it.o
        72         30          0          0          0       2712   n32g430_iwdg.o
       508         72         64          0          0       6413   n32g430_rcc.o
         0          0          0          0          0      30115   n32g430_rtc.o
       454         18          0          0          0       4431   softi2c.o
        36          8        276          0       5376        808   startup_n32g430.o
       452         54          0          4          0      36434   system_n32g430.o

    ----------------------------------------------------------------------
      6124        494       1668         32       5888     364625   Object Totals
         0          0         32          0          0          0   (incl. Generated)
         6          0          0          4          0          0   (incl. Padding)

    ----------------------------------------------------------------------

      Code (inc. data)   RO Data    RW Data    ZI Data      Debug   Library Member Name

         0          0          0          0          0          0   entry.o
         0          0          0          0          0          0   entry10a.o
         0          0          0          0          0          0   entry11a.o
         8          4          0          0          0          0   entry2.o
         4          0          0          0          0          0   entry5.o
         0          0          0          0          0          0   entry7b.o
         0          0          0          0          0          0   entry8b.o
         8          4          0          0          0          0   entry9a.o
        30          0          0          0          0          0   handlers.o
        36          8          0          0          0         68   init.o
       884         10          0          0          0        420   printf6.o
        44          0          0          0          0         80   uidiv.o

    ----------------------------------------------------------------------
      1016         26          0          0          0        568   Library Totals
         2          0          0          0          0          0   (incl. Padding)

    ----------------------------------------------------------------------

      Code (inc. data)   RO Data    RW Data    ZI Data      Debug   Library Name

      1014         26          0          0          0        568   mc_w.l

    ----------------------------------------------------------------------
      1016         26          0          0          0        568   Library Totals

    ----------------------------------------------------------------------

==============================================================================


      Code (inc. data)   RO Data    RW Data    ZI Data      Debug   

      7140        520       1668         32       5888     357289   Grand Totals
      7140        520       1668         32       5888     357289   ELF Image Totals
      7140        520       1668         32          0          0   ROM Totals

==============================================================================

    Total RO  Size (Code + RO Data)                 8808 (   8.60kB)
    Total RW  Size (RW Data + ZI Data)              5920 (   5.78kB)
    Total ROM Size (Code + RO Data + RW Data)       8840 (   8.63kB)

==============================================================================

